BL51 BANKED LINKER/LOCATER V6.22.2.0                                                    04/28/2022  14:31:31  PAGE 1


BL51 BANKED LINKER/LOCATER V6.22.2.0, INVOKED BY:
C:\KEIL_V5\C51\BIN\BL51.EXE .\obj\main.obj, .\obj\init380.obj, .\SYS19.LIB, .\obj\Isd4004Spi.obj TO .\obj\ceshi PRINT (.
>> \ceshi.m51) RAMSIZE (256) DISABLEWARNING (16) XDATA (0X0000-0X0FFF)


MEMORY MODEL: LARGE WITH FLOATING POINT ARITHMETIC


INPUT MODULES INCLUDED:
  .\obj\main.obj (MAIN)
  .\obj\init380.obj (INIT380)
  .\SYS19.LIB (DELAY)
  .\SYS19.LIB (INITSYS)
  .\SYS19.LIB (LCD)
  .\SYS19.LIB (SHAPE)
  .\SYS19.LIB (TOUCH)
  .\SYS19.LIB (24C32SYS)
  .\SYS19.LIB (I2CSYS)
  .\obj\Isd4004Spi.obj (ISD4004SPI)
  C:\KEIL_V5\C51\LIB\C51FPL.LIB (?C?FPADD)
  C:\KEIL_V5\C51\LIB\C51FPL.LIB (?C?FPMUL)
  C:\KEIL_V5\C51\LIB\C51FPL.LIB (?C?FPDIV)
  C:\KEIL_V5\C51\LIB\C51FPL.LIB (?C?FCAST)
  C:\KEIL_V5\C51\LIB\C51FPL.LIB (?C?CASTF)
  C:\KEIL_V5\C51\LIB\C51FPL.LIB (PRINTF)
  C:\KEIL_V5\C51\LIB\C51FPL.LIB (SQRT)
  C:\KEIL_V5\C51\LIB\C51FPL.LIB (SIN)
  C:\KEIL_V5\C51\LIB\C51FPL.LIB (?C?FPGETOPN)
  C:\KEIL_V5\C51\LIB\C51FPL.LIB (?C?FPROUND)
  C:\KEIL_V5\C51\LIB\C51FPL.LIB (?C?FPCONVERT)
  C:\KEIL_V5\C51\LIB\C51FPL.LIB (?C?FPSERIES)
  C:\KEIL_V5\C51\LIB\C51FPL.LIB (?C?FTNPWR)
  C:\KEIL_V5\C51\LIB\C51L.LIB (?C_STARTUP)
  C:\KEIL_V5\C51\LIB\C51L.LIB (?C?CLDPTR)
  C:\KEIL_V5\C51\LIB\C51L.LIB (?C?CLDOPTR)
  C:\KEIL_V5\C51\LIB\C51L.LIB (?C?CSTPTR)
  C:\KEIL_V5\C51\LIB\C51L.LIB (?C?CSTOPTR)
  C:\KEIL_V5\C51\LIB\C51L.LIB (?C?IMUL)
  C:\KEIL_V5\C51\LIB\C51L.LIB (?C?SIDIV)
  C:\KEIL_V5\C51\LIB\C51L.LIB (?C?IILDX)
  C:\KEIL_V5\C51\LIB\C51L.LIB (?C?ILDIX)
  C:\KEIL_V5\C51\LIB\C51L.LIB (?C?ILDPTR)
  C:\KEIL_V5\C51\LIB\C51L.LIB (?C?ILDOPTR)
  C:\KEIL_V5\C51\LIB\C51L.LIB (?C?ISTPTR)
  C:\KEIL_V5\C51\LIB\C51L.LIB (?C?LMUL)
  C:\KEIL_V5\C51\LIB\C51L.LIB (?C?SLDIV)
  C:\KEIL_V5\C51\LIB\C51L.LIB (?C?LNEG)
  C:\KEIL_V5\C51\LIB\C51L.LIB (?C?LLDXDATA)
  C:\KEIL_V5\C51\LIB\C51L.LIB (?C?LLDCODE)
  C:\KEIL_V5\C51\LIB\C51L.LIB (?C?LLDXDATA0)
  C:\KEIL_V5\C51\LIB\C51L.LIB (?C?LLDCODE0)
  C:\KEIL_V5\C51\LIB\C51L.LIB (?C?LSTXDATA)
  C:\KEIL_V5\C51\LIB\C51L.LIB (?C?LSTKXDATA)
  C:\KEIL_V5\C51\LIB\C51L.LIB (?C?OFFXADD)
  C:\KEIL_V5\C51\LIB\C51L.LIB (?C?PLDIXDATA)
  C:\KEIL_V5\C51\LIB\C51L.LIB (?C?PSTXDATA)
  C:\KEIL_V5\C51\LIB\C51L.LIB (?C?CCASE)
  C:\KEIL_V5\C51\LIB\C51L.LIB (ABS)
BL51 BANKED LINKER/LOCATER V6.22.2.0                                                  04/28/2022  14:31:31  PAGE 2


  C:\KEIL_V5\C51\LIB\C51L.LIB (STRLEN)
  C:\KEIL_V5\C51\LIB\C51L.LIB (?C_INIT)
  C:\KEIL_V5\C51\LIB\C51L.LIB (?C?UIDIV)
  C:\KEIL_V5\C51\LIB\C51L.LIB (?C?ULDIV)


LINK MAP OF MODULE:  .\obj\ceshi (MAIN)


            TYPE    BASE      LENGTH    RELOCATION   SEGMENT NAME
            -----------------------------------------------------

            * * * * * * *   D A T A   M E M O R Y   * * * * * * *
            REG     0000H     0008H     ABSOLUTE     "REG BANK 0"
            DATA    0008H     0005H     UNIT         _DATA_GROUP_
                    000DH     0013H                  *** GAP ***
            BIT     0020H.0   0001H.1   UNIT         _BIT_GROUP_
            BIT     0021H.1   0000H.1   UNIT         ?BI?_W24C32?24C32SYS
                    0021H.2   0000H.6                *** GAP ***
            IDATA   0022H     0001H     UNIT         ?STACK

            * * * * * * *  X D A T A   M E M O R Y  * * * * * * *
            XDATA   0000H     01CAH     UNIT         ?XD?MAIN
            XDATA   01CAH     0140H     UNIT         ?XD?SHAPE
            XDATA   030AH     0064H     UNIT         _XDATA_GROUP_
            XDATA   036EH     001EH     UNIT         ?XD?_LCD_DRAWLINE?SHAPE
            XDATA   038CH     001EH     UNIT         ?XD?_LCD_FILLTRIANGLE?SHAPE
            XDATA   03AAH     001EH     UNIT         ?XD?TOUCHCAL?TOUCH
            XDATA   03C8H     0017H     UNIT         ?XD?LCD
            XDATA   03DFH     0014H     UNIT         ?XD?_LCD_PRINTNUMF?LCD
            XDATA   03F3H     0010H     UNIT         ?XD?_LCD_FILLCIRCLE?SHAPE
            XDATA   0403H     000FH     UNIT         ?XD?_LCD_DRAWBITMAP8?LCD
            XDATA   0412H     000FH     UNIT         ?XD?_LCD_DRAWBITMAP16?LCD
            XDATA   0421H     000EH     UNIT         ?XD?_LCD_DRAWCIRCLE?SHAPE
            XDATA   042FH     000EH     UNIT         ?XD?_LCD_DRAWTRIANGLE?SHAPE
            XDATA   043DH     000DH     UNIT         ?XD?_LCD_PRINTHEB2C?LCD
            XDATA   044AH     000CH     UNIT         ?XD?_LCD_PRINTCENTER?LCD
            XDATA   0456H     000CH     UNIT         ?XD?_LCD_PRINTHEBCENTER?LCD
            XDATA   0462H     000BH     UNIT         ?XD?_LCD_PRINTHEBC?LCD
            XDATA   046DH     000AH     UNIT         ?XD?_LCD_PRINTNUMI?LCD
            XDATA   0477H     000AH     UNIT         ?XD?_LCD_PRINTNUMB?LCD
            XDATA   0481H     000AH     UNIT         ?XD?_LCD_DRAWFASTHLINE?SHAPE
            XDATA   048BH     000AH     UNIT         ?XD?_LCD_DRAWRECT?SHAPE
            XDATA   0495H     000AH     UNIT         ?XD?__DRAW_CIRCLE_8?SHAPE
            XDATA   049FH     0008H     UNIT         ?XD?TOUCH
            XDATA   04A7H     0007H     UNIT         ?XD?_INT2BIN?LCD
            XDATA   04AEH     0006H     UNIT         ?XD?_LCD_PRINTHEB?LCD
            XDATA   04B4H     0006H     UNIT         ?XD?_BYTE2BIN?LCD
            XDATA   04BAH     0006H     UNIT         ?XD?_SWAP?SHAPE
            XDATA   04C0H     0005H     UNIT         ?XD?_LCD_PRINTNUMC?LCD
            XDATA   04C5H     0005H     UNIT         ?XD?_LCD_PRINTNUMH?LCD
            XDATA   04CAH     0005H     UNIT         ?XD?READSTATUS?ISD4004SPI
            XDATA   04CFH     0004H     UNIT         ?XD?_W24C32?24C32SYS
            XDATA   04D3H     0003H     UNIT         ?XD?_LCD_PRINTLN?LCD
            XDATA   04D6H     0003H     UNIT         ?XD?_PLAY?ISD4004SPI

            * * * * * * *   C O D E   M E M O R Y   * * * * * * *
BL51 BANKED LINKER/LOCATER V6.22.2.0                                                  04/28/2022  14:31:31  PAGE 3


            CODE    0000H     0003H     ABSOLUTE     
            CODE    0003H     0913H     UNIT         ?C?LIB_CODE
            CODE    0916H     05AEH     UNIT         ?PR?_LCD_FILLTRIANGLE?SHAPE
            CODE    0EC4H     0483H     UNIT         ?PR?PRINTF?PRINTF
            CODE    1347H     036AH     UNIT         ?CO?LCD
            CODE    16B1H     0368H     UNIT         ?PR?ISALARMDETECTED2?MAIN
            CODE    1A19H     02E5H     UNIT         ?PR?MAIN?MAIN
            CODE    1CFEH     029EH     UNIT         ?PR?_GOERTZEL_MAG?MAIN
            CODE    1F9CH     0284H     UNIT         ?PR?_LCD_DRAWLINE?SHAPE
            CODE    2220H     025CH     UNIT         ?PR?_PUTCHAR5_7_2COLOR?LCD
            CODE    247CH     0253H     UNIT         ?PR?_LCD_FILLCIRCLEHELPER?SHAPE
            CODE    26CFH     0243H     UNIT         ?PR?_LCD_DRAWBUTTON?SHAPE
            CODE    2912H     023CH     UNIT         ?PR?INITSYS?INITSYS
            CODE    2B4EH     021CH     UNIT         ?PR?TOUCHCAL?TOUCH
            CODE    2D6AH     020AH     UNIT         ?PR?START_WORK?MAIN
            CODE    2F74H     01DAH     UNIT         ?PR?MENUSCREEN?MAIN
            CODE    314EH     01B7H     UNIT         ?PR?_PUTCHAR5_7?LCD
            CODE    3305H     01A7H     UNIT         ?PR?__DRAW_CIRCLE_8?SHAPE
            CODE    34ACH     0192H     UNIT         ?PR?LCD_BEGIN?LCD
            CODE    363EH     0188H     UNIT         ?PR?SIN?SIN
            CODE    37C6H     0157H     UNIT         ?PR?_LCD_FILLROUNDRECT?SHAPE
            CODE    391DH     0145H     UNIT         ?PR?_LCD_FILLCIRCLE?SHAPE
            CODE    3A62H     0141H     UNIT         ?PR?_LCD_PRINTHEB?LCD
            CODE    3BA3H     0133H     UNIT         ?PR?_LCD_PRINTLN?LCD
            CODE    3CD6H     012FH     UNIT         ?CO?MAIN
            CODE    3E05H     012DH     UNIT         ?PR?_BUTTONTOUCH?SHAPE
            CODE    3F32H     0110H     UNIT         ?PR?_LCD_WRITE?LCD
            CODE    4042H     010BH     UNIT         ?PR?_LCD_DRAWBITMAP8?LCD
            CODE    414DH     0103H     UNIT         ?PR?_LCD_DRAWCIRCLE?SHAPE
            CODE    4250H     00FBH     UNIT         ?PR?READX?TOUCH
            CODE    434BH     00FBH     UNIT         ?PR?READY?TOUCH
            CODE    4446H     00EEH     UNIT         ?PR?_LCD_FILLRECT?SHAPE
            CODE    4534H     00E7H     UNIT         ?PR?_LCD_DRAWBITMAP16?LCD
            CODE    461BH     00DCH     UNIT         ?PR?_LCD_PRINT?LCD
            CODE    46F7H     00D7H     UNIT         ?PR?READTOUCHY?TOUCH
            CODE    47CEH     00D2H     UNIT         ?PR?_MAP?TOUCH
            CODE    48A0H     00CDH     UNIT         ?PR?_LCD_DRAWRECT?SHAPE
            CODE    496DH     00C1H     UNIT         ?PR?READTOUCHX?TOUCH
            CODE    4A2EH     00ACH     UNIT         ?PR?SQRT?SQRT
            CODE    4ADAH     00A5H     UNIT         ?PR?_LCD_DRAWTRIANGLE?SHAPE
            CODE    4B7FH     0096H     UNIT         ?PR?_LCD_DRAWFASTVLINE?SHAPE
            CODE    4C15H     0093H     UNIT         ?PR?_INT2BIN?LCD
            CODE    4CA8H     0093H     UNIT         ?PR?_BYTE2BIN?LCD
            CODE    4D3BH     008EH     UNIT         ?PR?_LCD_DRAWFASTHLINE?SHAPE
            CODE    4DC9H     008CH     UNIT         ?C_C51STARTUP
            CODE    4E55H     0088H     UNIT         ?PR?_LCD_PRINTCENTER?LCD
            CODE    4EDDH     0088H     UNIT         ?PR?_LCD_PRINTHEBCENTER?LCD
            CODE    4F65H     0081H     UNIT         ?PR?_LCD_FILLSCREEN?LCD
            CODE    4FE6H     007DH     UNIT         ?PR?_WRITEBYTE?I2CSYS
            CODE    5063H     0079H     UNIT         ?PR?READBYTE?I2CSYS
            CODE    50DCH     0072H     UNIT         ?PR?_RECORD?ISD4004SPI
            CODE    514EH     0060H     UNIT         ?PR?_LCD_SETROTATION?LCD
            CODE    51AEH     005BH     UNIT         ?PR?_LCD_PRINTNUMB?LCD
            CODE    5209H     0050H     UNIT         ?CO?TOUCH
            CODE    5259H     004DH     UNIT         ?PR?_LCD_SETADDRWINDOW?LCD
            CODE    52A6H     004DH     UNIT         ?PR?_R24C32?24C32SYS
            CODE    52F3H     0048H     UNIT         ?PR?_LCD_DRAWPIXEL?LCD
BL51 BANKED LINKER/LOCATER V6.22.2.0                                                  04/28/2022  14:31:31  PAGE 4


            CODE    533BH     0047H     UNIT         ?PR?_PLAYI?ISD4004SPI
            CODE    5382H     0044H     UNIT         ?C?LDIV
            CODE    53C6H     0043H     UNIT         ?PR?_SWAP?SHAPE
            CODE    5409H     0043H     UNIT         ?PR?_W24C32?24C32SYS
            CODE    544CH     0042H     UNIT         ?PR?LCD_SETPARAM?LCD
            CODE    548EH     0041H     UNIT         ?PR?_SPIWRITEADDCODE?ISD4004SPI
            CODE    54CFH     003FH     UNIT         ?PR?_PLAY?ISD4004SPI
            CODE    550EH     003CH     UNIT         ?PR?READFROMCHARFROM7843?TOUCH
            CODE    554AH     003BH     UNIT         ?PR?READSTATUS?ISD4004SPI
            CODE    5585H     0035H     UNIT         ?PR?_REVERSE?ISD4004SPI
            CODE    55BAH     0034H     UNIT         ?PR?_WRITECHARTO7843?TOUCH
            CODE    55EEH     0032H     UNIT         ?PR?_SERVO2?MAIN
            CODE    5620H     002EH     UNIT         ?PR?_LCD_PRINT2C?LCD
            CODE    564EH     002DH     UNIT         ?PR?_LCD_PRINTHEBLN?LCD
            CODE    567BH     002CH     UNIT         ?PR?_TOUCHSET?TOUCH
            CODE    56A7H     0027H     UNIT         ?PR?_SERVO?MAIN
            CODE    56CEH     0027H     UNIT         ?PR?_LCD_PRINTC?LCD
            CODE    56F5H     0026H     UNIT         ?PR?_LCD_PRINTNUMI?LCD
            CODE    571BH     0026H     UNIT         ?PR?_LCD_PRINTNUMH?LCD
            CODE    5741H     0024H     UNIT         ?PR?_DELAY_US?DELAY
            CODE    5765H     0024H     UNIT         ?PR?_LCD_PRINTNUMF?LCD
            CODE    5789H     0024H     UNIT         ?PR?_PUTCHAR?LCD
            CODE    57ADH     0024H     UNIT         ?PR?LCD_CLEARBUTTON?SHAPE
            CODE    57D1H     0023H     UNIT         ?PR?_LCD_PRINTNUMC?LCD
            CODE    57F4H     0022H     UNIT         ?PR?_LCD_SETTEXT2COLOR?LCD
            CODE    5816H     0020H     UNIT         ?PR?_DELAY_MS?DELAY
            CODE    5836H     001FH     UNIT         ?PR?_SPIWRITE?ISD4004SPI
            CODE    5855H     001DH     UNIT         ?PR?_ADS_READ_AD?TOUCH
            CODE    5872H     001AH     UNIT         ?PR?_LCD_PRINTHEBC?LCD
            CODE    588CH     0019H     UNIT         ?C_INITSEG
            CODE    58A5H     0018H     UNIT         ?PR?_ADC_IN?MAIN
            CODE    58BDH     0018H     UNIT         ?PR?INIT_DEVICE?INIT380
            CODE    58D5H     0016H     UNIT         ?PR?PORT_IO_INIT?INIT380
            CODE    58EBH     0015H     UNIT         ?PR?_LCD_PRINTHEB2C?LCD
            CODE    5900H     0015H     UNIT         ?PR?_STRLEN?STRLEN
            CODE    5915H     0014H     UNIT         ?PR?STOP?I2CSYS
            CODE    5929H     0011H     UNIT         ?PR?_WRITEDATA16?LCD
            CODE    593AH     0011H     UNIT         ?PR?_LCD_SETCURSOR?LCD
            CODE    594BH     0010H     UNIT         ?PR?PCA_INIT?INIT380
            CODE    595BH     0010H     UNIT         ?PR?UART_INIT?INIT380
            CODE    596BH     0010H     UNIT         ?PR?_WRITEDATA?LCD
            CODE    597BH     000EH     UNIT         ?PR?_LCD_SETTEXT1COLOR?LCD
            CODE    5989H     000CH     UNIT         ?PR?_LCD_SETTEXTSIZE?LCD
            CODE    5995H     000CH     UNIT         ?PR?START?I2CSYS
            CODE    59A1H     000CH     UNIT         ?PR?_ABS?ABS
            CODE    59ADH     000AH     UNIT         ?PR?TIMER_INIT?INIT380
            CODE    59B7H     000AH     UNIT         ?PR?SPI_INIT?INIT380
            CODE    59C1H     000AH     UNIT         ?PR?ADC_INIT?INIT380
            CODE    59CBH     000AH     UNIT         ?PR?OSCILLATOR_INIT?INIT380
            CODE    59D5H     0009H     UNIT         ?PR?_WRITECOMMAND?LCD
            CODE    59DEH     0009H     UNIT         ?PR?LCD_WRITERAM_PREPARE?LCD
            CODE    59E7H     0008H     UNIT         ?CO?INITSYS
            CODE    59EFH     0006H     UNIT         ?PR?_SETTARGET?LCD
            CODE    59F5H     0004H     UNIT         ?PR?VOLTAGE_REFERENCE_INIT?INIT380



BL51 BANKED LINKER/LOCATER V6.22.2.0                                                  04/28/2022  14:31:31  PAGE 5


OVERLAY MAP OF MODULE:   .\obj\ceshi (MAIN)


SEGMENT                                       BIT_GROUP          DATA_GROUP          XDATA_GROUP
  +--> CALLED SEGMENT                      START    LENGTH     START    LENGTH     START    LENGTH
--------------------------------------------------------------------------------------------------
?C_C51STARTUP                              -----    -----      -----    -----      -----    -----
  +--> ?PR?MAIN?MAIN
  +--> ?C_INITSEG

?PR?MAIN?MAIN                              -----    -----      -----    -----      030AH    0006H
  +--> ?PR?INIT_DEVICE?INIT380
  +--> ?PR?INITSYS?INITSYS
  +--> ?PR?_SERVO2?MAIN
  +--> ?PR?_DELAY_MS?DELAY
  +--> ?PR?READTOUCHX?TOUCH
  +--> ?PR?READTOUCHY?TOUCH
  +--> ?PR?_BUTTONTOUCH?SHAPE
  +--> ?PR?_LCD_FILLSCREEN?LCD
  +--> ?CO?MAIN
  +--> ?PR?_LCD_PRINT2C?LCD
  +--> ?PR?_RECORD?ISD4004SPI
  +--> ?PR?_PLAYI?ISD4004SPI
  +--> ?PR?_SERVO?MAIN
  +--> ?PR?_SETTARGET?LCD
  +--> ?PR?PRINTF?PRINTF
  +--> ?PR?MENUSCREEN?MAIN
  +--> ?PR?START_WORK?MAIN

?PR?INIT_DEVICE?INIT380                    -----    -----      -----    -----      -----    -----
  +--> ?PR?PCA_INIT?INIT380
  +--> ?PR?TIMER_INIT?INIT380
  +--> ?PR?UART_INIT?INIT380
  +--> ?PR?SPI_INIT?INIT380
  +--> ?PR?ADC_INIT?INIT380
  +--> ?PR?VOLTAGE_REFERENCE_INIT?INIT380
  +--> ?PR?PORT_IO_INIT?INIT380
  +--> ?PR?OSCILLATOR_INIT?INIT380

?PR?INITSYS?INITSYS                        -----    -----      -----    -----      0310H    0006H
  +--> ?PR?_DELAY_MS?DELAY
  +--> ?PR?_R24C32?24C32SYS
  +--> ?CO?INITSYS
  +--> ?PR?_LCD_PRINT?LCD
  +--> ?PR?_TOUCHSET?TOUCH
  +--> ?PR?LCD_BEGIN?LCD
  +--> ?PR?LCD_CLEARBUTTON?SHAPE

?PR?_R24C32?24C32SYS                       -----    -----      -----    -----      0316H    0004H
  +--> ?PR?START?I2CSYS
  +--> ?PR?_WRITEBYTE?I2CSYS
  +--> ?PR?STOP?I2CSYS
  +--> ?PR?READBYTE?I2CSYS

?PR?START?I2CSYS                           -----    -----      -----    -----      -----    -----
  +--> ?PR?_DELAY_US?DELAY

BL51 BANKED LINKER/LOCATER V6.22.2.0                                                  04/28/2022  14:31:31  PAGE 6


?PR?_WRITEBYTE?I2CSYS                      0020H.0  0000H.1    -----    -----      031AH    0003H
  +--> ?PR?_DELAY_US?DELAY

?PR?STOP?I2CSYS                            -----    -----      -----    -----      -----    -----
  +--> ?PR?_DELAY_US?DELAY

?PR?READBYTE?I2CSYS                        0020H.0  0000H.1    -----    -----      031AH    0003H
  +--> ?PR?_DELAY_US?DELAY

?PR?_LCD_PRINT?LCD                         -----    -----      -----    -----      0332H    0003H
  +--> ?PR?_PUTCHAR5_7_2COLOR?LCD
  +--> ?PR?_PUTCHAR5_7?LCD

?PR?_PUTCHAR5_7_2COLOR?LCD                 -----    -----      -----    -----      034CH    0014H
  +--> ?CO?LCD
  +--> ?PR?_LCD_DRAWPIXEL?LCD

?PR?_LCD_DRAWPIXEL?LCD                     -----    -----      -----    -----      0360H    0006H
  +--> ?PR?_LCD_SETADDRWINDOW?LCD
  +--> ?PR?_WRITEDATA16?LCD

?PR?_LCD_SETADDRWINDOW?LCD                 -----    -----      -----    -----      0366H    0008H
  +--> ?PR?_WRITECOMMAND?LCD
  +--> ?PR?_WRITEDATA?LCD
  +--> ?PR?LCD_WRITERAM_PREPARE?LCD

?PR?_WRITEDATA?LCD                         -----    -----      -----    -----      -----    -----
  +--> ?PR?_WRITECOMMAND?LCD

?PR?LCD_WRITERAM_PREPARE?LCD               -----    -----      -----    -----      -----    -----
  +--> ?PR?_WRITECOMMAND?LCD

?PR?_PUTCHAR5_7?LCD                        -----    -----      -----    -----      034CH    0012H
  +--> ?CO?LCD
  +--> ?PR?_LCD_DRAWPIXEL?LCD

?PR?_TOUCHSET?TOUCH                        -----    -----      -----    -----      0316H    0008H

?PR?LCD_BEGIN?LCD                          -----    -----      -----    -----      -----    -----
  +--> ?PR?_WRITECOMMAND?LCD
  +--> ?PR?_WRITEDATA?LCD
  +--> ?PR?_DELAY_MS?DELAY
  +--> ?PR?LCD_SETPARAM?LCD
  +--> ?PR?_LCD_SETROTATION?LCD
  +--> ?PR?_LCD_FILLSCREEN?LCD
  +--> ?PR?_LCD_SETTEXTSIZE?LCD
  +--> ?PR?_LCD_SETTEXT2COLOR?LCD

?PR?_LCD_SETROTATION?LCD                   -----    -----      -----    -----      -----    -----
  +--> ?PR?_WRITECOMMAND?LCD
  +--> ?PR?_WRITEDATA?LCD

?PR?_LCD_FILLSCREEN?LCD                    -----    -----      -----    -----      031AH    0003H
  +--> ?PR?_LCD_SETADDRWINDOW?LCD

?PR?_SERVO2?MAIN                           -----    -----      -----    -----      -----    -----
  +--> ?PR?_SERVO?MAIN
BL51 BANKED LINKER/LOCATER V6.22.2.0                                                  04/28/2022  14:31:31  PAGE 7



?PR?READTOUCHX?TOUCH                       -----    -----      -----    -----      -----    -----
  +--> ?PR?READY?TOUCH
  +--> ?PR?_MAP?TOUCH
  +--> ?PR?READX?TOUCH

?PR?READY?TOUCH                            -----    -----      -----    -----      0312H    000AH
  +--> ?PR?_ADS_READ_AD?TOUCH
  +--> ?PR?_DELAY_US?DELAY
  +--> ?PR?_ABS?ABS

?PR?_ADS_READ_AD?TOUCH                     -----    -----      -----    -----      -----    -----
  +--> ?PR?_WRITECHARTO7843?TOUCH
  +--> ?PR?_DELAY_US?DELAY
  +--> ?PR?READFROMCHARFROM7843?TOUCH

?PR?_MAP?TOUCH                             -----    -----      -----    -----      0312H    000EH

?PR?READX?TOUCH                            -----    -----      -----    -----      0312H    000AH
  +--> ?PR?_ADS_READ_AD?TOUCH
  +--> ?PR?_DELAY_US?DELAY
  +--> ?PR?_ABS?ABS

?PR?READTOUCHY?TOUCH                       -----    -----      -----    -----      0310H    0002H
  +--> ?PR?READX?TOUCH
  +--> ?PR?_MAP?TOUCH
  +--> ?PR?READY?TOUCH

?PR?_BUTTONTOUCH?SHAPE                     -----    -----      -----    -----      0310H    0004H

?PR?_LCD_PRINT2C?LCD                       -----    -----      -----    -----      0312H    000DH
  +--> ?PR?_LCD_SETTEXT2COLOR?LCD
  +--> ?PR?_LCD_SETTEXTSIZE?LCD
  +--> ?PR?_LCD_SETCURSOR?LCD
  +--> ?PR?_LCD_PRINT?LCD

?PR?_RECORD?ISD4004SPI                     -----    -----      -----    -----      0310H    0003H
  +--> ?PR?_DELAY_MS?DELAY
  +--> ?PR?_SPIWRITE?ISD4004SPI
  +--> ?PR?_SPIWRITEADDCODE?ISD4004SPI

?PR?_SPIWRITE?ISD4004SPI                   -----    -----      -----    -----      -----    -----
  +--> ?PR?_REVERSE?ISD4004SPI

?PR?_REVERSE?ISD4004SPI                    -----    -----      -----    -----      0318H    0001H

?PR?_SPIWRITEADDCODE?ISD4004SPI            -----    -----      -----    -----      0315H    0003H
  +--> ?PR?_REVERSE?ISD4004SPI

?PR?_PLAYI?ISD4004SPI                      -----    -----      -----    -----      0312H    0003H
  +--> ?PR?_SPIWRITE?ISD4004SPI
  +--> ?PR?_DELAY_MS?DELAY
  +--> ?PR?_SPIWRITEADDCODE?ISD4004SPI

?PR?PRINTF?PRINTF                          0020H.0  0001H.1    0008H    0005H      031AH    0030H
  +--> ?PR?_PUTCHAR?LCD

BL51 BANKED LINKER/LOCATER V6.22.2.0                                                  04/28/2022  14:31:31  PAGE 8


?PR?_PUTCHAR?LCD                           -----    -----      -----    -----      034AH    0001H
  +--> ?PR?_LCD_WRITE?LCD

?PR?_LCD_WRITE?LCD                         -----    -----      -----    -----      034BH    0001H
  +--> ?PR?_PUTCHAR5_7_2COLOR?LCD
  +--> ?PR?_PUTCHAR5_7?LCD

?PR?MENUSCREEN?MAIN                        -----    -----      -----    -----      -----    -----
  +--> ?PR?_LCD_FILLSCREEN?LCD
  +--> ?CO?MAIN
  +--> ?PR?_LCD_PRINT2C?LCD
  +--> ?PR?LCD_CLEARBUTTON?SHAPE
  +--> ?PR?_LCD_DRAWBUTTON?SHAPE
  +--> ?PR?_LCD_SETTEXT2COLOR?LCD

?PR?_LCD_DRAWBUTTON?SHAPE                  -----    -----      -----    -----      0310H    0017H
  +--> ?PR?_STRLEN?STRLEN
  +--> ?PR?_LCD_FILLROUNDRECT?SHAPE
  +--> ?PR?_LCD_PRINTC?LCD

?PR?_LCD_FILLROUNDRECT?SHAPE               -----    -----      -----    -----      0327H    000CH
  +--> ?PR?_LCD_FILLRECT?SHAPE
  +--> ?PR?_LCD_FILLCIRCLEHELPER?SHAPE

?PR?_LCD_FILLRECT?SHAPE                    -----    -----      -----    -----      0333H    000DH
  +--> ?PR?_LCD_SETADDRWINDOW?LCD

?PR?_LCD_FILLCIRCLEHELPER?SHAPE            -----    -----      -----    -----      0333H    0015H
  +--> ?PR?_LCD_DRAWFASTVLINE?SHAPE

?PR?_LCD_DRAWFASTVLINE?SHAPE               -----    -----      -----    -----      0348H    000AH
  +--> ?PR?_LCD_SETADDRWINDOW?LCD
  +--> ?PR?_WRITEDATA16?LCD

?PR?_LCD_PRINTC?LCD                        -----    -----      -----    -----      0327H    000BH
  +--> ?PR?_LCD_SETTEXT1COLOR?LCD
  +--> ?PR?_LCD_SETTEXTSIZE?LCD
  +--> ?PR?_LCD_SETCURSOR?LCD
  +--> ?PR?_LCD_PRINT?LCD

?PR?START_WORK?MAIN                        -----    -----      -----    -----      0310H    0002H
  +--> ?PR?_LCD_FILLSCREEN?LCD
  +--> ?CO?MAIN
  +--> ?PR?_LCD_PRINT2C?LCD
  +--> ?PR?ISALARMDETECTED2?MAIN
  +--> ?PR?_PLAYI?ISD4004SPI
  +--> ?PR?_DELAY_MS?DELAY
  +--> ?PR?_SETTARGET?LCD
  +--> ?PR?PRINTF?PRINTF
  +--> ?PR?_SERVO?MAIN
  +--> ?PR?_SERVO2?MAIN

?PR?ISALARMDETECTED2?MAIN                  -----    -----      -----    -----      0312H    0008H
  +--> ?PR?_LCD_FILLSCREEN?LCD
  +--> ?PR?_ADC_IN?MAIN
  +--> ?PR?_DELAY_US?DELAY
  +--> ?PR?_GOERTZEL_MAG?MAIN
BL51 BANKED LINKER/LOCATER V6.22.2.0                                                  04/28/2022  14:31:31  PAGE 9


  +--> ?PR?_LCD_SETCURSOR?LCD
  +--> ?CO?MAIN
  +--> ?PR?PRINTF?PRINTF

?PR?_ADC_IN?MAIN                           -----    -----      -----    -----      -----    -----
  +--> ?PR?_DELAY_US?DELAY

?PR?_GOERTZEL_MAG?MAIN                     -----    -----      -----    -----      031AH    0034H
  +--> ?PR?SIN?SIN
  +--> ?PR?SQRT?SQRT

?PR?SIN?SIN                                0020H.0  0000H.1    -----    -----      034EH    0004H

?PR?SQRT?SQRT                              -----    -----      -----    -----      034EH    0004H



SYMBOL TABLE OF MODULE:  .\obj\ceshi (MAIN)

  VALUE           TYPE          NAME
  ----------------------------------

  -------         MODULE        MAIN
  C:0000H         SYMBOL        _ICE_DUMMY_
  D:00A0H         PUBLIC        P2
  D:00B0H         PUBLIC        P3
  C:16B1H         PUBLIC        IsAlarmDetected2
  C:1CFEH         PUBLIC        _goertzel_mag
  D:00FCH         PUBLIC        PCA0CPH0
  D:00EAH         PUBLIC        PCA0CPH1
  D:00FBH         PUBLIC        PCA0CPL0
  X:0000H         PUBLIC        NumInstans
  D:00E9H         PUBLIC        PCA0CPL1
  B:00B0H.6       PUBLIC        T_IRQ
  B:00E8H.5       PUBLIC        AD0INT
  C:1A19H         PUBLIC        main
  C:56A7H         PUBLIC        _servo
  C:58A5H         PUBLIC        _ADC_IN
  X:0004H         PUBLIC        wave_property_arr
  X:0010H         PUBLIC        num
  X:0012H         PUBLIC        data_in
  C:2D6AH         PUBLIC        start_work
  X:01B6H         PUBLIC        my_string
  C:55F9H         PUBLIC        _servo2
  D:00BAH         PUBLIC        AMX0N
  D:00BBH         PUBLIC        AMX0P
  D:00BDH         PUBLIC        ADC0
  B:00E8H.4       PUBLIC        AD0BUSY
  C:2F74H         PUBLIC        MenuScreen
  -------         PROC          _SERVO
  D:0006H         SYMBOL        Width
  C:56A7H         LINE#         54
  C:56A7H         LINE#         55
  C:56A7H         LINE#         56
  C:56B4H         LINE#         57
  C:56C1H         LINE#         58
  C:56C8H         LINE#         60
BL51 BANKED LINKER/LOCATER V6.22.2.0                                                  04/28/2022  14:31:31  PAGE 10


  C:56CAH         LINE#         61
  C:56CDH         LINE#         62
  -------         ENDPROC       _SERVO
  C:55EEH         SYMBOL        L?0086
  -------         PROC          L?0085
  -------         ENDPROC       L?0085
  C:55EEH         SYMBOL        L?0086
  -------         PROC          _SERVO2
  D:0006H         SYMBOL        Width
  C:55F9H         LINE#         63
  C:55F9H         LINE#         64
  C:55F9H         LINE#         65
  C:5606H         LINE#         66
  C:5613H         LINE#         67
  C:561AH         LINE#         69
  C:561CH         LINE#         70
  C:561FH         LINE#         71
  -------         ENDPROC       _SERVO2
  -------         PROC          MAIN
  -------         DO            
  X:030AH         SYMBOL        x
  X:030CH         SYMBOL        y
  X:030EH         SYMBOL        ButtonNum
  -------         ENDDO         
  C:1A19H         LINE#         74
  C:1A19H         LINE#         75
  C:1A19H         LINE#         76
  C:1A24H         LINE#         77
  C:1A27H         LINE#         78
  C:1A2AH         LINE#         79
  C:1A2AH         LINE#         80
  C:1A2DH         LINE#         81
  C:1A30H         LINE#         83
  C:1A30H         LINE#         84
  C:1A33H         LINE#         85
  C:1A3AH         LINE#         86
  C:1A45H         LINE#         87
  C:1A52H         LINE#         88
  C:1A65H         LINE#         89
  C:1A6AH         LINE#         90
  C:1A6FH         LINE#         91
  C:1A92H         LINE#         92
  C:1A98H         LINE#         93
  C:1ABBH         LINE#         94
  C:1AC1H         LINE#         95
  C:1AC1H         LINE#         96
  C:1AC4H         LINE#         97
  C:1AD0H         LINE#         98
  C:1AD5H         LINE#         99
  C:1AF8H         LINE#         100
  C:1AFFH         LINE#         101
  C:1B22H         LINE#         102
  C:1B29H         LINE#         103
  C:1B29H         LINE#         104
  C:1B2CH         LINE#         105
  C:1B38H         LINE#         106
  C:1B3DH         LINE#         107
BL51 BANKED LINKER/LOCATER V6.22.2.0                                                  04/28/2022  14:31:31  PAGE 11


  C:1B60H         LINE#         108
  C:1B67H         LINE#         109
  C:1B8AH         LINE#         110
  C:1B91H         LINE#         111
  C:1B91H         LINE#         112
  C:1B94H         LINE#         113
  C:1BA3H         LINE#         114
  C:1BA8H         LINE#         115
  C:1BCBH         LINE#         116
  C:1BCBH         LINE#         117
  C:1BCEH         LINE#         118
  C:1BD5H         LINE#         119
  C:1BF8H         LINE#         120
  C:1BFFH         LINE#         121
  C:1C06H         LINE#         122
  C:1C0DH         LINE#         123
  C:1C14H         LINE#         124
  C:1C1BH         LINE#         125
  C:1C22H         LINE#         126
  C:1C22H         LINE#         127
  C:1C25H         LINE#         128
  C:1C34H         LINE#         129
  C:1C39H         LINE#         130
  C:1C5CH         LINE#         131
  C:1C7FH         LINE#         132
  C:1C84H         LINE#         133
  C:1C8DH         LINE#         134
  C:1C94H         LINE#         135
  C:1C9DH         LINE#         136
  C:1CA4H         LINE#         137
  C:1CADH         LINE#         138
  C:1CB4H         LINE#         139
  C:1CBDH         LINE#         140
  C:1CC4H         LINE#         141
  C:1CCDH         LINE#         142
  C:1CD4H         LINE#         143
  C:1CDDH         LINE#         145
  C:1CE0H         LINE#         146
  C:1CE3H         LINE#         148
  C:1CF2H         LINE#         150
  C:1CF5H         LINE#         152
  C:1CF8H         LINE#         153
  C:1CFBH         LINE#         154
  C:1CFBH         LINE#         157
  C:1CFBH         LINE#         158
  -------         ENDPROC       MAIN
  -------         PROC          MENUSCREEN
  C:2F74H         LINE#         160
  C:2F74H         LINE#         161
  C:2F74H         LINE#         162
  C:2F7AH         LINE#         164
  C:2F9DH         LINE#         165
  C:2FC0H         LINE#         166
  C:2FC3H         LINE#         167
  C:3002H         LINE#         168
  C:3044H         LINE#         169
  C:3085H         LINE#         170
BL51 BANKED LINKER/LOCATER V6.22.2.0                                                  04/28/2022  14:31:31  PAGE 12


  C:30C6H         LINE#         171
  C:3105H         LINE#         172
  C:3144H         LINE#         173
  -------         ENDPROC       MENUSCREEN
  -------         PROC          START_WORK
  -------         DO            
  X:0310H         SYMBOL        i
  -------         ENDDO         
  C:2D6AH         LINE#         178
  C:2D6AH         LINE#         179
  C:2D6AH         LINE#         181
  C:2D70H         LINE#         182
  C:2D92H         LINE#         183
  C:2D9CH         LINE#         184
  C:2DA2H         LINE#         186
  C:2DA5H         LINE#         187
  C:2DABH         LINE#         188
  C:2DCDH         LINE#         189
  C:2DD3H         LINE#         190
  C:2DDAH         LINE#         192
  C:2DDFH         LINE#         193
  C:2DE8H         LINE#         194
  C:2DEFH         LINE#         195
  C:2DF8H         LINE#         196
  C:2DFFH         LINE#         197
  C:2E08H         LINE#         198
  C:2E0FH         LINE#         199
  C:2E18H         LINE#         200
  C:2E1FH         LINE#         201
  C:2E28H         LINE#         202
  C:2E2FH         LINE#         203
  C:2E38H         LINE#         204
  C:2E3DH         LINE#         207
  C:2E5FH         LINE#         208
  C:2E66H         LINE#         210
  C:2E6DH         LINE#         211
  C:2E74H         LINE#         212
  C:2E7BH         LINE#         213
  C:2E7BH         LINE#         214
  C:2E82H         LINE#         215
  C:2EA8H         LINE#         216
  C:2ECAH         LINE#         217
  C:2ED3H         LINE#         218
  C:2ED3H         LINE#         219
  C:2ED9H         LINE#         220
  C:2EF5H         LINE#         221
  C:2F17H         LINE#         222
  C:2F1EH         LINE#         223
  C:2F25H         LINE#         224
  C:2F25H         LINE#         225
  C:2F47H         LINE#         227
  C:2F47H         LINE#         228
  C:2F4AH         LINE#         229
  C:2F6CH         LINE#         230
  C:2F73H         LINE#         231
  -------         ENDPROC       START_WORK
  -------         PROC          ISALARMDETECTED2
BL51 BANKED LINKER/LOCATER V6.22.2.0                                                  04/28/2022  14:31:31  PAGE 13


  -------         DO            
  X:0312H         SYMBOL        mag_temp
  D:0004H         SYMBOL        detect
  X:0314H         SYMBOL        j
  X:0316H         SYMBOL        i
  X:0318H         SYMBOL        k
  -------         ENDDO         
  C:16B1H         LINE#         235
  C:16B1H         LINE#         236
  C:16B1H         LINE#         239
  C:16B8H         LINE#         240
  C:16BEH         LINE#         241
  C:16C3H         LINE#         242
  C:16DCH         LINE#         243
  C:16DCH         LINE#         244
  C:16F1H         LINE#         245
  C:1701H         LINE#         246
  C:1708H         LINE#         247
  C:1708H         LINE#         248
  C:170FH         LINE#         249
  C:170FH         LINE#         250
  C:1739H         LINE#         251
  C:1740H         LINE#         253
  C:175FH         LINE#         255
  C:177BH         LINE#         256
  C:177BH         LINE#         257
  C:17A9H         LINE#         258
  C:17B7H         LINE#         260
  C:17D3H         LINE#         261
  C:17D3H         LINE#         263
  C:17DEH         LINE#         264
  C:17E8H         LINE#         265
  C:17E8H         LINE#         266
  C:17F0H         LINE#         267
  C:184BH         LINE#         268
  C:184BH         LINE#         270
  C:1857H         LINE#         271
  C:1857H         LINE#         272
  C:1860H         LINE#         273
  C:18BBH         LINE#         274
  C:18BBH         LINE#         276
  C:18C7H         LINE#         277
  C:18C7H         LINE#         278
  C:18D0H         LINE#         279
  C:192BH         LINE#         280
  C:192BH         LINE#         282
  C:192BH         LINE#         285
  C:195DH         LINE#         286
  C:195DH         LINE#         287
  C:1975H         LINE#         288
  C:1975H         LINE#         289
  C:1986H         LINE#         291
  C:19A8H         LINE#         293
  C:19ACH         LINE#         294
  C:19B3H         LINE#         295
  C:19B3H         LINE#         296
  C:19F5H         LINE#         297
BL51 BANKED LINKER/LOCATER V6.22.2.0                                                  04/28/2022  14:31:31  PAGE 14


  C:19F5H         LINE#         298
  C:19F8H         LINE#         299
  C:19FAH         LINE#         300
  C:19FAH         LINE#         301
  C:1A14H         LINE#         302
  C:1A18H         LINE#         303
  -------         ENDPROC       ISALARMDETECTED2
  -------         PROC          _GOERTZEL_MAG
  X:031AH         SYMBOL        numSamples
  X:031CH         SYMBOL        TARGET_FREQUENCY
  X:031EH         SYMBOL        SAMPLING_RATE
  -------         DO            
  D:0006H         SYMBOL        k
  X:0320H         SYMBOL        i
  X:0322H         SYMBOL        analog
  X:0326H         SYMBOL        floatnumSamples
  X:032AH         SYMBOL        omega
  X:032EH         SYMBOL        sine
  X:0332H         SYMBOL        cosine
  X:0336H         SYMBOL        coeff
  X:033AH         SYMBOL        q0
  X:033EH         SYMBOL        q1
  X:0342H         SYMBOL        q2
  D:0004H         SYMBOL        magnitude
  X:0346H         SYMBOL        real
  D:0004H         SYMBOL        imag
  X:034AH         SYMBOL        scalingFactor
  -------         ENDDO         
  C:1CFEH         LINE#         306
  C:1D12H         LINE#         307
  C:1D12H         LINE#         313
  C:1D2DH         LINE#         315
  C:1D3FH         LINE#         316
  C:1D8FH         LINE#         317
  C:1DB9H         LINE#         318
  C:1DD0H         LINE#         319
  C:1DE7H         LINE#         320
  C:1E04H         LINE#         321
  C:1E0EH         LINE#         322
  C:1E18H         LINE#         323
  C:1E22H         LINE#         325
  C:1E48H         LINE#         326
  C:1E48H         LINE#         327
  C:1E68H         LINE#         328
  C:1EAFH         LINE#         329
  C:1EC1H         LINE#         330
  C:1ED3H         LINE#         331
  C:1EE4H         LINE#         335
  C:1F33H         LINE#         336
  C:1F63H         LINE#         338
  -------         ENDPROC       _GOERTZEL_MAG
  -------         PROC          _ADC_IN
  D:0006H         SYMBOL        num
  C:58A5H         LINE#         350
  C:58A5H         LINE#         351
  C:58A5H         LINE#         352
  C:58A8H         LINE#         353
BL51 BANKED LINKER/LOCATER V6.22.2.0                                                  04/28/2022  14:31:31  PAGE 15


  C:58AAH         LINE#         354
  C:58B1H         LINE#         355
  C:58B3H         LINE#         356
  C:58B6H         LINE#         357
  C:58B8H         LINE#         358
  C:58BCH         LINE#         359
  -------         ENDPROC       _ADC_IN
  -------         ENDMOD        MAIN

  -------         MODULE        INIT380
  C:0000H         SYMBOL        _ICE_DUMMY_
  D:00A2H         PUBLIC        SPI0CKR
  D:00E8H         PUBLIC        ADC0CN
  D:00A4H         PUBLIC        P0MDOUT
  D:00A5H         PUBLIC        P1MDOUT
  C:58D5H         PUBLIC        Port_IO_Init
  D:00DAH         PUBLIC        PCA0CPM0
  D:00D9H         PUBLIC        PCA0MD
  D:00D8H         PUBLIC        PCA0CN
  D:00DBH         PUBLIC        PCA0CPM1
  C:59CBH         PUBLIC        Oscillator_Init
  D:00E1H         PUBLIC        XBR0
  D:00E2H         PUBLIC        XBR1
  D:00D1H         PUBLIC        REF0CN
  D:00ACH         PUBLIC        SBCON1
  D:00F2H         PUBLIC        P1MDIN
  D:00B5H         PUBLIC        SBRLH1
  D:00F8H         PUBLIC        SPI0CN
  D:00B4H         PUBLIC        SBRLL1
  C:595BH         PUBLIC        UART_Init
  D:0089H         PUBLIC        TMOD
  D:0088H         PUBLIC        TCON
  D:00D4H         PUBLIC        P0SKIP
  D:00D5H         PUBLIC        P1SKIP
  C:59C1H         PUBLIC        ADC_Init
  D:00A9H         PUBLIC        CLKSEL
  D:00B2H         PUBLIC        OSCICN
  C:59F5H         PUBLIC        Voltage_Reference_Init
  C:58BDH         PUBLIC        Init_Device
  C:594BH         PUBLIC        PCA_Init
  D:008DH         PUBLIC        TH1
  C:59B7H         PUBLIC        SPI_Init
  D:0098H         PUBLIC        SCON0
  D:00D2H         PUBLIC        SCON1
  D:00BAH         PUBLIC        AMX0N
  D:00BBH         PUBLIC        AMX0P
  D:00A1H         PUBLIC        SPI0CFG
  D:00B6H         PUBLIC        FLSCL
  C:59ADH         PUBLIC        Timer_Init
  -------         PROC          PCA_INIT
  C:594BH         LINE#         11
  C:594BH         LINE#         12
  C:594BH         LINE#         13
  C:594EH         LINE#         14
  C:5951H         LINE#         15
  C:5954H         LINE#         16
  C:5957H         LINE#         17
BL51 BANKED LINKER/LOCATER V6.22.2.0                                                  04/28/2022  14:31:31  PAGE 16


  C:595AH         LINE#         18
  -------         ENDPROC       PCA_INIT
  -------         PROC          TIMER_INIT
  C:59ADH         LINE#         20
  C:59ADH         LINE#         21
  C:59ADH         LINE#         22
  C:59B0H         LINE#         23
  C:59B3H         LINE#         24
  C:59B6H         LINE#         25
  -------         ENDPROC       TIMER_INIT
  -------         PROC          UART_INIT
  C:595BH         LINE#         27
  C:595BH         LINE#         28
  C:595BH         LINE#         29
  C:595EH         LINE#         30
  C:5961H         LINE#         31
  C:5964H         LINE#         32
  C:5967H         LINE#         33
  C:596AH         LINE#         34
  -------         ENDPROC       UART_INIT
  -------         PROC          SPI_INIT
  C:59B7H         LINE#         36
  C:59B7H         LINE#         37
  C:59B7H         LINE#         38
  C:59BAH         LINE#         39
  C:59BDH         LINE#         40
  C:59C0H         LINE#         41
  -------         ENDPROC       SPI_INIT
  -------         PROC          ADC_INIT
  C:59C1H         LINE#         43
  C:59C1H         LINE#         44
  C:59C1H         LINE#         45
  C:59C4H         LINE#         46
  C:59C7H         LINE#         47
  C:59CAH         LINE#         48
  -------         ENDPROC       ADC_INIT
  -------         PROC          VOLTAGE_REFERENCE_INIT
  C:59F5H         LINE#         50
  C:59F5H         LINE#         51
  C:59F5H         LINE#         52
  C:59F8H         LINE#         53
  -------         ENDPROC       VOLTAGE_REFERENCE_INIT
  -------         PROC          PORT_IO_INIT
  C:58D5H         LINE#         55
  C:58D5H         LINE#         56
  C:58D5H         LINE#         93
  C:58D8H         LINE#         94
  C:58DBH         LINE#         95
  C:58DEH         LINE#         96
  C:58E1H         LINE#         97
  C:58E4H         LINE#         98
  C:58E7H         LINE#         99
  C:58EAH         LINE#         100
  -------         ENDPROC       PORT_IO_INIT
  -------         PROC          OSCILLATOR_INIT
  C:59CBH         LINE#         102
  C:59CBH         LINE#         103
BL51 BANKED LINKER/LOCATER V6.22.2.0                                                  04/28/2022  14:31:31  PAGE 17


  C:59CBH         LINE#         104
  C:59CEH         LINE#         105
  C:59D1H         LINE#         106
  C:59D4H         LINE#         107
  -------         ENDPROC       OSCILLATOR_INIT
  -------         PROC          INIT_DEVICE
  C:58BDH         LINE#         111
  C:58BDH         LINE#         112
  C:58BDH         LINE#         113
  C:58C0H         LINE#         114
  C:58C3H         LINE#         115
  C:58C6H         LINE#         116
  C:58C9H         LINE#         117
  C:58CCH         LINE#         118
  C:58CFH         LINE#         119
  C:58D2H         LINE#         120
  -------         ENDPROC       INIT_DEVICE
  -------         ENDMOD        INIT380

  -------         MODULE        DELAY
  C:0000H         SYMBOL        _ICE_DUMMY_
  D:00B0H         PUBLIC        P3
  D:0094H         PUBLIC        TMR3
  D:0091H         PUBLIC        TMR3CN
  C:5816H         PUBLIC        _delay_ms
  C:5741H         PUBLIC        _delay_us
  -------         PROC          _DELAY_MS
  D:0006H         SYMBOL        ms
  C:5816H         LINE#         25
  C:5816H         LINE#         26
  C:5816H         LINE#         27
  C:581AH         LINE#         28
  C:581AH         LINE#         29
  C:581DH         LINE#         30
  C:5823H         LINE#         32
  C:5826H         LINE#         33
  C:582BH         LINE#         34
  C:5830H         LINE#         35
  C:5832H         LINE#         37
  C:5835H         LINE#         38
  -------         ENDPROC       _DELAY_MS
  -------         PROC          _DELAY_US
  D:0006H         SYMBOL        us
  C:5741H         LINE#         41
  C:5741H         LINE#         42
  C:5741H         LINE#         43
  C:5744H         LINE#         45
  C:5759H         LINE#         47
  C:575CH         LINE#         48
  C:5761H         LINE#         49
  C:5764H         LINE#         50
  -------         ENDPROC       _DELAY_US
  -------         ENDMOD        DELAY

  -------         MODULE        INITSYS
  C:0000H         SYMBOL        _ICE_DUMMY_
  D:00B0H         PUBLIC        P3
BL51 BANKED LINKER/LOCATER V6.22.2.0                                                  04/28/2022  14:31:31  PAGE 18


  D:00A7H         PUBLIC        P3MDOUT
  D:00AEH         PUBLIC        P4MDOUT
  D:00D9H         PUBLIC        PCA0MD
  D:00E2H         PUBLIC        XBR1
  C:2912H         PUBLIC        initSYS
  D:00A9H         PUBLIC        CLKSEL
  D:00B2H         PUBLIC        OSCICN
  D:00B6H         PUBLIC        FLSCL
  -------         PROC          INITSYS
  -------         DO            
  X:0310H         SYMBOL        f1
  X:0312H         SYMBOL        f2
  D:0002H         SYMBOL        f3
  X:0314H         SYMBOL        i
  -------         ENDDO         
  C:2912H         LINE#         13
  C:2912H         LINE#         14
  C:2912H         LINE#         15
  C:2919H         LINE#         17
  C:291CH         LINE#         18
  C:291EH         LINE#         37
  C:2921H         LINE#         38
  C:2924H         LINE#         39
  C:292CH         LINE#         44
  C:292FH         LINE#         45
  C:2932H         LINE#         46
  C:2935H         LINE#         48
  C:293CH         LINE#         53
  C:294DH         LINE#         54
  C:295EH         LINE#         55
  C:296BH         LINE#         57
  C:2994H         LINE#         58
  C:29AFH         LINE#         60
  C:29CCH         LINE#         61
  C:29DAH         LINE#         63
  C:29EBH         LINE#         64
  C:29FCH         LINE#         65
  C:2A09H         LINE#         67
  C:2A32H         LINE#         68
  C:2A4DH         LINE#         70
  C:2A6AH         LINE#         71
  C:2A78H         LINE#         73
  C:2A89H         LINE#         74
  C:2A9AH         LINE#         75
  C:2AA7H         LINE#         78
  C:2AD0H         LINE#         79
  C:2AEBH         LINE#         81
  C:2B08H         LINE#         82
  C:2B16H         LINE#         84
  C:2B20H         LINE#         85
  C:2B29H         LINE#         86
  C:2B2BH         LINE#         87
  C:2B2BH         LINE#         92
  C:2B44H         LINE#         93
  C:2B47H         LINE#         95
  C:2B4AH         LINE#         97
  C:2B4DH         LINE#         98
BL51 BANKED LINKER/LOCATER V6.22.2.0                                                  04/28/2022  14:31:31  PAGE 19


  -------         ENDPROC       INITSYS
  -------         ENDMOD        INITSYS

  -------         MODULE        LCD
  C:0000H         SYMBOL        _ICE_DUMMY_
  D:00B0H         PUBLIC        P3
  D:00C7H         PUBLIC        P4
  C:593AH         PUBLIC        _LCD_setCursor
  C:3181H         PUBLIC        _PutChar5_7
  C:5972H         PUBLIC        _WriteData
  C:4534H         PUBLIC        _LCD_DrawBitmap16
  C:59EFH         PUBLIC        _SetTarget
  C:56CEH         PUBLIC        _LCD_printC
  C:5872H         PUBLIC        _LCD_printHebC
  C:1355H         PUBLIC        font
  C:34ACH         PUBLIC        LCD_begin
  C:225AH         PUBLIC        _PutChar5_7_2color
  C:3BA3H         PUBLIC        _LCD_println
  C:4F65H         PUBLIC        _LCD_fillScreen
  X:03C8H         PUBLIC        PutcharTarget
  C:598CH         PUBLIC        _LCD_setTextSize
  C:4E55H         PUBLIC        _LCD_printCenter
  B:0098H.1       PUBLIC        TI0
  C:564EH         PUBLIC        _LCD_printHebln
  C:59D5H         PUBLIC        _WriteCommand
  X:03C9H         PUBLIC        LCD
  C:544CH         PUBLIC        LCD_SetParam
  C:59DEH         PUBLIC        LCD_WriteRAM_Prepare
  C:514EH         PUBLIC        _LCD_setRotation
  B:00B0H.3       PUBLIC        LCD_RS
  C:51AEH         PUBLIC        _LCD_printNumB
  C:57D1H         PUBLIC        _LCD_printNumC
  C:5620H         PUBLIC        _LCD_print2C
  C:4EDDH         PUBLIC        _LCD_printHebCenter
  B:00B0H.4       PUBLIC        LCD_WR
  C:5765H         PUBLIC        _LCD_printNumF
  C:4042H         PUBLIC        _LCD_DrawBitmap8
  C:597BH         PUBLIC        _LCD_setText1Color
  C:571BH         PUBLIC        _LCD_printNumH
  C:57FFH         PUBLIC        _LCD_setText2Color
  C:56F5H         PUBLIC        _LCD_printNumI
  D:0099H         PUBLIC        SBUF0
  C:3F32H         PUBLIC        _LCD_write
  C:4CA8H         PUBLIC        _Byte2Bin
  C:461BH         PUBLIC        _LCD_print
  C:52F3H         PUBLIC        _LCD_drawPixel
  C:58EBH         PUBLIC        _LCD_printHeb2C
  C:5929H         PUBLIC        _WriteData16
  C:3A62H         PUBLIC        _LCD_printHeb
  C:4C15H         PUBLIC        _Int2Bin
  C:5789H         PUBLIC        _putchar
  C:5259H         PUBLIC        _LCD_setAddrWindow
  C:596EH         SYMBOL        L?0207
  -------         PROC          L?0206
  -------         ENDPROC       L?0206
  C:596EH         SYMBOL        L?0207
  -------         PROC          _WRITEDATA
BL51 BANKED LINKER/LOCATER V6.22.2.0                                                  04/28/2022  14:31:31  PAGE 20


  D:0007H         SYMBOL        Data
  C:5972H         LINE#         23
  C:5972H         LINE#         24
  C:5972H         LINE#         25
  C:5974H         LINE#         26
  C:5976H         LINE#         28
  C:5978H         LINE#         29
  C:597AH         LINE#         30
  -------         ENDPROC       _WRITEDATA
  -------         PROC          _WRITECOMMAND
  D:0007H         SYMBOL        Reg
  C:59D5H         LINE#         32
  C:59D5H         LINE#         33
  C:59D5H         LINE#         34
  C:59D7H         LINE#         35
  C:59D9H         LINE#         37
  C:59DBH         LINE#         38
  C:59DDH         LINE#         39
  -------         ENDPROC       _WRITECOMMAND
  -------         PROC          _WRITEDATA16
  D:0007H         SYMBOL        DH
  D:0005H         SYMBOL        DL
  C:5929H         LINE#         41
  C:5929H         LINE#         42
  C:5929H         LINE#         43
  C:592BH         LINE#         44
  C:592DH         LINE#         45
  C:592FH         LINE#         46
  C:5931H         LINE#         48
  C:5935H         LINE#         49
  C:5937H         LINE#         50
  C:5939H         LINE#         51
  -------         ENDPROC       _WRITEDATA16
  -------         PROC          LCD_WRITERAM_PREPARE
  C:59DEH         LINE#         54
  C:59DEH         LINE#         55
  C:59DEH         LINE#         56
  -------         ENDPROC       LCD_WRITERAM_PREPARE
  -------         PROC          LCD_BEGIN
  C:34ACH         LINE#         60
  C:34ACH         LINE#         61
  C:34ACH         LINE#         63
  C:34B1H         LINE#         64
  C:34B6H         LINE#         65
  C:34BAH         LINE#         66
  C:34BEH         LINE#         67
  C:34C2H         LINE#         69
  C:34C7H         LINE#         70
  C:34C8H         LINE#         71
  C:34CBH         LINE#         72
  C:34D0H         LINE#         73
  C:34D3H         LINE#         74
  C:34D7H         LINE#         75
  C:34DAH         LINE#         76
  C:34DAH         LINE#         77
  C:34DDH         LINE#         78
  C:34E0H         LINE#         79
BL51 BANKED LINKER/LOCATER V6.22.2.0                                                  04/28/2022  14:31:31  PAGE 21


  C:34E3H         LINE#         80
  C:34E8H         LINE#         81
  C:34EBH         LINE#         82
  C:34F0H         LINE#         83
  C:34F5H         LINE#         84
  C:34F9H         LINE#         86
  C:34FEH         LINE#         87
  C:3502H         LINE#         89
  C:3507H         LINE#         90
  C:350CH         LINE#         91
  C:3511H         LINE#         92
  C:3515H         LINE#         93
  C:351AH         LINE#         94
  C:351FH         LINE#         96
  C:3524H         LINE#         97
  C:3529H         LINE#         99
  C:352EH         LINE#         100
  C:3532H         LINE#         101
  C:3537H         LINE#         102
  C:353CH         LINE#         103
  C:3541H         LINE#         104
  C:3546H         LINE#         105
  C:354AH         LINE#         106
  C:354FH         LINE#         107
  C:3554H         LINE#         108
  C:3559H         LINE#         109
  C:355EH         LINE#         110
  C:3562H         LINE#         111
  C:3567H         LINE#         113
  C:356CH         LINE#         114
  C:3571H         LINE#         115
  C:3576H         LINE#         116
  C:357BH         LINE#         118
  C:3580H         LINE#         119
  C:3585H         LINE#         120
  C:358AH         LINE#         122
  C:358FH         LINE#         123
  C:3594H         LINE#         124
  C:3599H         LINE#         126
  C:359EH         LINE#         127
  C:35A3H         LINE#         128
  C:35A8H         LINE#         130
  C:35ADH         LINE#         131
  C:35B2H         LINE#         132
  C:35B7H         LINE#         134
  C:35BCH         LINE#         135
  C:35C0H         LINE#         137
  C:35C5H         LINE#         138
  C:35CAH         LINE#         140
  C:35CFH         LINE#         141
  C:35D4H         LINE#         143
  C:35D9H         LINE#         144
  C:35DEH         LINE#         146
  C:35E0H         LINE#         147
  C:35E0H         LINE#         148
  C:35E3H         LINE#         149
  C:35E7H         LINE#         150
BL51 BANKED LINKER/LOCATER V6.22.2.0                                                  04/28/2022  14:31:31  PAGE 22


  C:35ECH         LINE#         152
  C:35EEH         LINE#         153
  C:35EEH         LINE#         154
  C:35F1H         LINE#         155
  C:35F5H         LINE#         156
  C:35FAH         LINE#         157
  C:3600H         LINE#         159
  C:3605H         LINE#         160
  C:360CH         LINE#         162
  C:3611H         LINE#         163
  C:3616H         LINE#         165
  C:361BH         LINE#         166
  C:3621H         LINE#         168
  C:3624H         LINE#         169
  C:3629H         LINE#         170
  C:362FH         LINE#         171
  C:3634H         LINE#         172
  -------         ENDPROC       LCD_BEGIN
  -------         PROC          LCD_SETPARAM
  C:544CH         LINE#         175
  C:544CH         LINE#         176
  C:544CH         LINE#         177
  C:5455H         LINE#         178
  C:545CH         LINE#         179
  C:5465H         LINE#         181
  C:546EH         LINE#         182
  C:5476H         LINE#         183
  C:547CH         LINE#         184
  C:5483H         LINE#         185
  C:5489H         LINE#         186
  C:548DH         LINE#         187
  -------         ENDPROC       LCD_SETPARAM
  -------         PROC          _LCD_SETADDRWINDOW
  X:0366H         SYMBOL        xStar
  D:0004H         SYMBOL        yStar
  D:0002H         SYMBOL        xEnd
  X:036CH         SYMBOL        yEnd
  C:5259H         LINE#         190
  C:5261H         LINE#         191
  C:5261H         LINE#         192
  C:526AH         LINE#         193
  C:5272H         LINE#         194
  C:5278H         LINE#         195
  C:527DH         LINE#         196
  C:5282H         LINE#         198
  C:528BH         LINE#         199
  C:5290H         LINE#         200
  C:5295H         LINE#         201
  C:529DH         LINE#         202
  C:52A3H         LINE#         204
  -------         ENDPROC       _LCD_SETADDRWINDOW
  -------         PROC          _LCD_FILLSCREEN
  X:031AH         SYMBOL        Color
  -------         DO            
  D:0006H         SYMBOL        i
  D:0004H         SYMBOL        j
  X:031CH         SYMBOL        DH
BL51 BANKED LINKER/LOCATER V6.22.2.0                                                  04/28/2022  14:31:31  PAGE 23


  D:0001H         SYMBOL        DL
  -------         ENDDO         
  C:4F65H         LINE#         208
  C:4F6DH         LINE#         209
  C:4F6DH         LINE#         212
  C:4F97H         LINE#         214
  C:4F99H         LINE#         215
  C:4FA4H         LINE#         216
  C:4FA8H         LINE#         218
  C:4FB7H         LINE#         219
  C:4FB7H         LINE#         220
  C:4FC7H         LINE#         221
  C:4FC7H         LINE#         222
  C:4FCDH         LINE#         223
  C:4FCFH         LINE#         224
  C:4FD1H         LINE#         226
  C:4FD3H         LINE#         228
  C:4FD5H         LINE#         229
  C:4FD7H         LINE#         231
  C:4FDEH         LINE#         232
  C:4FE5H         LINE#         233
  -------         ENDPROC       _LCD_FILLSCREEN
  -------         PROC          _LCD_DRAWPIXEL
  X:0360H         SYMBOL        x
  X:0362H         SYMBOL        y
  X:0364H         SYMBOL        Color
  C:52F3H         LINE#         236
  C:5307H         LINE#         237
  C:5307H         LINE#         238
  C:532EH         LINE#         239
  -------         ENDPROC       _LCD_DRAWPIXEL
  -------         PROC          _LCD_SETROTATION
  D:0007H         SYMBOL        Direction
  C:514EH         LINE#         251
  C:514EH         LINE#         253
  C:5155H         LINE#         254
  C:5162H         LINE#         255
  C:5162H         LINE#         256
  C:5167H         LINE#         257
  C:5169H         LINE#         258
  C:5169H         LINE#         259
  C:5169H         LINE#         260
  C:516BH         LINE#         261
  C:516BH         LINE#         262
  C:5170H         LINE#         263
  C:5172H         LINE#         264
  C:5172H         LINE#         265
  C:5172H         LINE#         266
  C:5174H         LINE#         267
  C:5174H         LINE#         268
  C:5179H         LINE#         269
  C:517EH         LINE#         270
  C:5188H         LINE#         271
  C:5190H         LINE#         272
  C:5191H         LINE#         273
  C:5191H         LINE#         274
  C:5196H         LINE#         275
BL51 BANKED LINKER/LOCATER V6.22.2.0                                                  04/28/2022  14:31:31  PAGE 24


  C:519BH         LINE#         276
  C:51A5H         LINE#         277
  C:51ADH         LINE#         278
  C:51ADH         LINE#         279
  C:51ADH         LINE#         280
  -------         ENDPROC       _LCD_SETROTATION
  C:315AH         SYMBOL        L?0205
  -------         PROC          L?0204
  -------         ENDPROC       L?0204
  C:315AH         SYMBOL        L?0205
  -------         PROC          _PUTCHAR5_7
  X:034CH         SYMBOL        x
  X:034EH         SYMBOL        y
  D:0001H         SYMBOL        c
  X:0351H         SYMBOL        Size
  X:0353H         SYMBOL        Color
  -------         DO            
  X:0355H         SYMBOL        i
  X:0357H         SYMBOL        j
  X:0359H         SYMBOL        k
  X:035BH         SYMBOL        n
  X:035DH         SYMBOL        out_line
  -------         ENDDO         
  C:3181H         LINE#         285
  C:3191H         LINE#         286
  C:3191H         LINE#         289
  C:319FH         LINE#         290
  C:31A6H         LINE#         291
  C:31A6H         LINE#         292
  C:31C5H         LINE#         293
  C:31C5H         LINE#         295
  C:31ECH         LINE#         297
  C:3209H         LINE#         298
  C:3209H         LINE#         299
  C:321DH         LINE#         300
  C:321DH         LINE#         301
  C:323CH         LINE#         302
  C:32BAH         LINE#         303
  C:32BAH         LINE#         304
  C:32CEH         LINE#         305
  C:32E2H         LINE#         306
  C:3304H         LINE#         307
  -------         ENDPROC       _PUTCHAR5_7
  C:2225H         SYMBOL        L?0203
  -------         PROC          L?0202
  -------         ENDPROC       L?0202
  C:2225H         SYMBOL        L?0203
  -------         PROC          _PUTCHAR5_7_2COLOR
  X:034CH         SYMBOL        x
  X:034EH         SYMBOL        y
  D:0001H         SYMBOL        c
  X:0351H         SYMBOL        Size
  X:0353H         SYMBOL        fColor
  X:0355H         SYMBOL        bColor
  -------         DO            
  X:0357H         SYMBOL        i
  X:0359H         SYMBOL        j
BL51 BANKED LINKER/LOCATER V6.22.2.0                                                  04/28/2022  14:31:31  PAGE 25


  X:035BH         SYMBOL        k
  X:035DH         SYMBOL        n
  X:035FH         SYMBOL        out_line
  -------         ENDDO         
  C:225AH         LINE#         309
  C:226AH         LINE#         310
  C:226AH         LINE#         313
  C:2278H         LINE#         315
  C:227FH         LINE#         316
  C:227FH         LINE#         318
  C:229EH         LINE#         319
  C:229EH         LINE#         320
  C:22ADH         LINE#         321
  C:22CCH         LINE#         323
  C:22E9H         LINE#         324
  C:22E9H         LINE#         325
  C:22FDH         LINE#         326
  C:22FDH         LINE#         327
  C:231CH         LINE#         328
  C:239AH         LINE#         329
  C:239AH         LINE#         331
  C:239AH         LINE#         332
  C:23B9H         LINE#         333
  C:2437H         LINE#         334
  C:2437H         LINE#         336
  C:2448H         LINE#         337
  C:2459H         LINE#         338
  C:247BH         LINE#         340
  -------         ENDPROC       _PUTCHAR5_7_2COLOR
  -------         PROC          _LCD_SETCURSOR
  D:0006H         SYMBOL        x
  D:0004H         SYMBOL        y
  C:593AH         LINE#         342
  C:593AH         LINE#         343
  C:593AH         LINE#         344
  C:5942H         LINE#         345
  C:594AH         LINE#         346
  -------         ENDPROC       _LCD_SETCURSOR
  -------         PROC          _LCD_SETTEXT1COLOR
  D:0006H         SYMBOL        Color
  C:597BH         LINE#         349
  C:597BH         LINE#         350
  C:597BH         LINE#         351
  C:5980H         LINE#         352
  C:5988H         LINE#         354
  -------         ENDPROC       _LCD_SETTEXT1COLOR
  -------         PROC          L?0208
  -------         ENDPROC       L?0208
  -------         PROC          _LCD_SETTEXT2COLOR
  D:0006H         SYMBOL        Color
  D:0004H         SYMBOL        background
  C:57FFH         LINE#         355
  C:57FFH         LINE#         356
  C:57FFH         LINE#         357
  C:5805H         LINE#         358
  C:580DH         LINE#         359
  C:5815H         LINE#         361
BL51 BANKED LINKER/LOCATER V6.22.2.0                                                  04/28/2022  14:31:31  PAGE 26


  -------         ENDPROC       _LCD_SETTEXT2COLOR
  -------         PROC          L?0209
  -------         ENDPROC       L?0209
  -------         PROC          _LCD_SETTEXTSIZE
  D:0007H         SYMBOL        fontSize
  C:598CH         LINE#         363
  C:598CH         LINE#         364
  C:598CH         LINE#         365
  C:5994H         LINE#         366
  -------         ENDPROC       _LCD_SETTEXTSIZE
  -------         PROC          _LCD_PRINT
  X:0332H         SYMBOL        s
  C:461BH         LINE#         369
  C:4626H         LINE#         370
  C:4626H         LINE#         371
  C:463AH         LINE#         373
  C:4643H         LINE#         374
  C:4648H         LINE#         376
  C:4652H         LINE#         378
  C:465CH         LINE#         379
  C:469AH         LINE#         380
  C:469AH         LINE#         381
  C:46A1H         LINE#         382
  C:46ECH         LINE#         383
  C:46F3H         LINE#         384
  C:46F3H         LINE#         385
  C:46F6H         LINE#         386
  -------         ENDPROC       _LCD_PRINT
  -------         PROC          _LCD_PRINTLN
  X:04D3H         SYMBOL        s
  C:3BA3H         LINE#         389
  C:3BAEH         LINE#         390
  C:3BAEH         LINE#         391
  C:3BC2H         LINE#         392
  C:3BC2H         LINE#         393
  C:3BCBH         LINE#         394
  C:3BD0H         LINE#         396
  C:3BDAH         LINE#         398
  C:3BE4H         LINE#         399
  C:3C22H         LINE#         400
  C:3C22H         LINE#         401
  C:3C29H         LINE#         402
  C:3C74H         LINE#         403
  C:3C7BH         LINE#         404
  C:3C7BH         LINE#         405
  C:3C7BH         LINE#         406
  C:3C7EH         LINE#         407
  C:3C85H         LINE#         408
  C:3CCEH         LINE#         409
  C:3CD5H         LINE#         410
  -------         ENDPROC       _LCD_PRINTLN
  -------         PROC          _LCD_PRINTC
  X:0327H         SYMBOL        x
  D:0004H         SYMBOL        y
  D:0001H         SYMBOL        s
  X:032EH         SYMBOL        fontSize
  X:0330H         SYMBOL        Color
BL51 BANKED LINKER/LOCATER V6.22.2.0                                                  04/28/2022  14:31:31  PAGE 27


  C:56CEH         LINE#         413
  C:56D6H         LINE#         414
  C:56D6H         LINE#         416
  C:56E1H         LINE#         417
  C:56E7H         LINE#         418
  C:56F2H         LINE#         419
  -------         ENDPROC       _LCD_PRINTC
  -------         PROC          _LCD_PRINT2C
  X:0312H         SYMBOL        x
  X:0314H         SYMBOL        y
  D:0001H         SYMBOL        s
  X:0319H         SYMBOL        fontSize
  X:031BH         SYMBOL        fColor
  X:031DH         SYMBOL        bColor
  C:5620H         LINE#         424
  C:562EH         LINE#         425
  C:562EH         LINE#         427
  C:5634H         LINE#         428
  C:563AH         LINE#         429
  C:564BH         LINE#         430
  -------         ENDPROC       _LCD_PRINT2C
  -------         PROC          _LCD_PRINTCENTER
  X:044AH         SYMBOL        x
  X:044CH         SYMBOL        y
  X:044EH         SYMBOL        str
  X:0451H         SYMBOL        fontSize
  X:0452H         SYMBOL        fColor
  X:0454H         SYMBOL        bColor
  -------         DO            
  D:0006H         SYMBOL        len
  D:0006H         SYMBOL        x1
  -------         ENDDO         
  C:4E55H         LINE#         437
  C:4E6CH         LINE#         438
  C:4E6CH         LINE#         439
  C:4E6FH         LINE#         440
  C:4E90H         LINE#         441
  -------         ENDPROC       _LCD_PRINTCENTER
  -------         PROC          _LCD_PRINTHEB
  X:04AEH         SYMBOL        str
  -------         DO            
  X:04B1H         SYMBOL        i
  X:04B3H         SYMBOL        temp
  -------         ENDDO         
  C:3A62H         LINE#         446
  C:3A6DH         LINE#         447
  C:3A6DH         LINE#         451
  C:3A9BH         LINE#         452
  C:3AA9H         LINE#         454
  C:3AB7H         LINE#         455
  C:3AD6H         LINE#         456
  C:3AE4H         LINE#         457
  C:3AE4H         LINE#         458
  C:3AEDH         LINE#         459
  C:3AFCH         LINE#         461
  C:3B08H         LINE#         464
  C:3B46H         LINE#         465
BL51 BANKED LINKER/LOCATER V6.22.2.0                                                  04/28/2022  14:31:31  PAGE 28


  C:3B46H         LINE#         466
  C:3B4DH         LINE#         467
  C:3B98H         LINE#         468
  C:3B9FH         LINE#         469
  C:3B9FH         LINE#         470
  C:3B9FH         LINE#         471
  C:3BA2H         LINE#         472
  -------         ENDPROC       _LCD_PRINTHEB
  -------         PROC          _LCD_PRINTHEBLN
  D:0001H         SYMBOL        str
  C:564EH         LINE#         474
  C:564EH         LINE#         475
  C:564EH         LINE#         476
  C:5651H         LINE#         477
  C:5658H         LINE#         478
  C:567AH         LINE#         479
  -------         ENDPROC       _LCD_PRINTHEBLN
  -------         PROC          _LCD_PRINTHEBC
  D:0006H         SYMBOL        x
  D:0004H         SYMBOL        y
  D:0001H         SYMBOL        str
  X:0469H         SYMBOL        fontSize
  X:046BH         SYMBOL        fColor
  C:5872H         LINE#         482
  C:5872H         LINE#         483
  C:5872H         LINE#         484
  C:5875H         LINE#         485
  C:587EH         LINE#         486
  C:5889H         LINE#         487
  -------         ENDPROC       _LCD_PRINTHEBC
  -------         PROC          _LCD_PRINTHEB2C
  D:0006H         SYMBOL        x
  D:0004H         SYMBOL        y
  D:0001H         SYMBOL        str
  X:0444H         SYMBOL        fontSize
  X:0446H         SYMBOL        fColor
  X:0448H         SYMBOL        bColor
  C:58EBH         LINE#         490
  C:58EBH         LINE#         491
  C:58EBH         LINE#         492
  C:58EEH         LINE#         493
  C:58F7H         LINE#         494
  C:58FDH         LINE#         495
  -------         ENDPROC       _LCD_PRINTHEB2C
  -------         PROC          _LCD_PRINTHEBCENTER
  X:0456H         SYMBOL        x
  X:0458H         SYMBOL        y
  X:045AH         SYMBOL        str
  X:045DH         SYMBOL        fontSize
  X:045EH         SYMBOL        fColor
  X:0460H         SYMBOL        bColor
  -------         DO            
  D:0006H         SYMBOL        len
  D:0006H         SYMBOL        x1
  -------         ENDDO         
  C:4EDDH         LINE#         498
  C:4EF4H         LINE#         499
BL51 BANKED LINKER/LOCATER V6.22.2.0                                                  04/28/2022  14:31:31  PAGE 29


  C:4EF4H         LINE#         500
  C:4EF7H         LINE#         501
  C:4F18H         LINE#         502
  -------         ENDPROC       _LCD_PRINTHEBCENTER
  -------         PROC          _LCD_DRAWBITMAP8
  X:0403H         SYMBOL        x
  X:0405H         SYMBOL        y
  X:0407H         SYMBOL        SizeX
  X:0409H         SYMBOL        SizeY
  X:040BH         SYMBOL        pic
  -------         DO            
  X:040EH         SYMBOL        i
  D:0004H         SYMBOL        j
  X:0410H         SYMBOL        k
  -------         ENDDO         
  C:4042H         LINE#         513
  C:4058H         LINE#         514
  C:4058H         LINE#         515
  C:405FH         LINE#         517
  C:40A5H         LINE#         518
  C:40A7H         LINE#         519
  C:40C6H         LINE#         520
  C:40D6H         LINE#         521
  C:40D6H         LINE#         523
  C:40FAH         LINE#         524
  C:40FCH         LINE#         525
  C:40FEH         LINE#         527
  C:411FH         LINE#         528
  C:4121H         LINE#         529
  C:4123H         LINE#         531
  C:4131H         LINE#         532
  C:414CH         LINE#         533
  -------         ENDPROC       _LCD_DRAWBITMAP8
  -------         PROC          _LCD_DRAWBITMAP16
  X:0412H         SYMBOL        x
  X:0414H         SYMBOL        y
  X:0416H         SYMBOL        SizeX
  X:0418H         SYMBOL        SizeY
  X:041AH         SYMBOL        pic
  -------         DO            
  X:041DH         SYMBOL        i
  D:0004H         SYMBOL        j
  X:041FH         SYMBOL        k
  -------         ENDDO         
  C:4534H         LINE#         536
  C:454AH         LINE#         537
  C:454AH         LINE#         538
  C:4551H         LINE#         539
  C:4598H         LINE#         540
  C:459AH         LINE#         542
  C:45B6H         LINE#         543
  C:45C6H         LINE#         544
  C:45C6H         LINE#         545
  C:45EBH         LINE#         546
  C:45EDH         LINE#         547
  C:45EFH         LINE#         549
  C:45F1H         LINE#         550
BL51 BANKED LINKER/LOCATER V6.22.2.0                                                  04/28/2022  14:31:31  PAGE 30


  C:45F3H         LINE#         551
  C:45F5H         LINE#         553
  C:4603H         LINE#         554
  C:461AH         LINE#         555
  -------         ENDPROC       _LCD_DRAWBITMAP16
  -------         PROC          _LCD_PRINTNUMF
  D:0004H         SYMBOL        num
  -------         DO            
  X:03DFH         SYMBOL        str
  -------         ENDDO         
  C:5765H         LINE#         574
  C:5765H         LINE#         575
  C:5765H         LINE#         577
  C:5780H         LINE#         578
  -------         ENDPROC       _LCD_PRINTNUMF
  -------         PROC          _LCD_PRINTNUMI
  D:0006H         SYMBOL        num
  -------         DO            
  X:046DH         SYMBOL        str
  -------         ENDDO         
  C:56F5H         LINE#         581
  C:56F5H         LINE#         582
  C:56F5H         LINE#         584
  C:5712H         LINE#         585
  -------         ENDPROC       _LCD_PRINTNUMI
  -------         PROC          _LCD_PRINTNUMC
  D:0007H         SYMBOL        num
  -------         DO            
  X:04C0H         SYMBOL        str
  -------         ENDDO         
  C:57D1H         LINE#         588
  C:57D1H         LINE#         589
  C:57D1H         LINE#         591
  C:57EBH         LINE#         592
  -------         ENDPROC       _LCD_PRINTNUMC
  -------         PROC          _LCD_PRINTNUMH
  D:0006H         SYMBOL        num
  -------         DO            
  X:04C5H         SYMBOL        str
  -------         ENDDO         
  C:571BH         LINE#         595
  C:571BH         LINE#         596
  C:571BH         LINE#         598
  C:5738H         LINE#         599
  -------         ENDPROC       _LCD_PRINTNUMH
  -------         PROC          _LCD_PRINTNUMB
  D:0001H         SYMBOL        num
  -------         DO            
  X:0477H         SYMBOL        str
  D:0004H         SYMBOL        i
  -------         ENDDO         
  C:51AEH         LINE#         602
  C:51B0H         LINE#         603
  C:51B0H         LINE#         606
  C:51B3H         LINE#         607
  C:51B3H         LINE#         608
  C:51F0H         LINE#         609
BL51 BANKED LINKER/LOCATER V6.22.2.0                                                  04/28/2022  14:31:31  PAGE 31


  C:51FBH         LINE#         610
  C:5200H         LINE#         612
  -------         ENDPROC       _LCD_PRINTNUMB
  -------         PROC          _INT2BIN
  X:04A7H         SYMBOL        num
  X:04A9H         SYMBOL        str
  -------         DO            
  X:04ACH         SYMBOL        i
  -------         ENDDO         
  C:4C15H         LINE#         615
  C:4C26H         LINE#         616
  C:4C26H         LINE#         618
  C:4C3DH         LINE#         619
  C:4C3DH         LINE#         620
  C:4C86H         LINE#         621
  C:4C96H         LINE#         622
  -------         ENDPROC       _INT2BIN
  -------         PROC          _BYTE2BIN
  X:04B4H         SYMBOL        num
  X:04B5H         SYMBOL        str
  -------         DO            
  X:04B8H         SYMBOL        i
  -------         ENDDO         
  C:4CA8H         LINE#         625
  C:4CB6H         LINE#         626
  C:4CB6H         LINE#         628
  C:4CCDH         LINE#         629
  C:4CCDH         LINE#         630
  C:4D19H         LINE#         631
  C:4D29H         LINE#         632
  -------         ENDPROC       _BYTE2BIN
  -------         PROC          _SETTARGET
  D:0007H         SYMBOL        target
  C:59EFH         LINE#         635
  C:59EFH         LINE#         636
  C:59EFH         LINE#         637
  C:59F4H         LINE#         638
  -------         ENDPROC       _SETTARGET
  -------         PROC          _PUTCHAR
  X:034AH         SYMBOL        k
  C:5789H         LINE#         641
  C:578EH         LINE#         642
  C:578EH         LINE#         643
  C:5794H         LINE#         644
  C:579CH         LINE#         645
  C:579FH         LINE#         646
  C:579FH         LINE#         648
  C:579FH         LINE#         650
  C:57A5H         LINE#         651
  C:57A8H         LINE#         652
  C:57AAH         LINE#         653
  C:57ACH         LINE#         654
  C:57ACH         LINE#         656
  -------         ENDPROC       _PUTCHAR
  -------         PROC          _LCD_WRITE
  X:034BH         SYMBOL        tav
  C:3F32H         LINE#         659
BL51 BANKED LINKER/LOCATER V6.22.2.0                                                  04/28/2022  14:31:31  PAGE 32


  C:3F37H         LINE#         660
  C:3F37H         LINE#         661
  C:3F41H         LINE#         662
  C:3F41H         LINE#         663
  C:3F47H         LINE#         664
  C:3F85H         LINE#         665
  C:3F85H         LINE#         666
  C:3F88H         LINE#         667
  C:3F88H         LINE#         668
  C:3F91H         LINE#         669
  C:3FA0H         LINE#         671
  C:3FACH         LINE#         674
  C:3FEAH         LINE#         675
  C:3FEAH         LINE#         676
  C:3FF1H         LINE#         677
  C:403AH         LINE#         678
  C:4041H         LINE#         679
  C:4041H         LINE#         680
  C:4041H         LINE#         681
  -------         ENDPROC       _LCD_WRITE
  -------         ENDMOD        LCD

  -------         MODULE        SHAPE
  C:0000H         SYMBOL        _ICE_DUMMY_
  C:3305H         PUBLIC        __draw_circle_8
  D:00B0H         PUBLIC        P3
  D:00C7H         PUBLIC        P4
  C:3E05H         PUBLIC        _ButtonTouch
  C:247CH         PUBLIC        _LCD_fillCircleHelper
  C:0916H         PUBLIC        _LCD_fillTriangle
  C:4ADAH         PUBLIC        _LCD_drawTriangle
  X:01CAH         PUBLIC        LCD_Button
  C:391DH         PUBLIC        _LCD_fillCircle
  C:414DH         PUBLIC        _LCD_drawCircle
  C:53C6H         PUBLIC        _swap
  C:57ADH         PUBLIC        LCD_clearButton
  C:4D3BH         PUBLIC        _LCD_drawFastHLine
  C:4B7FH         PUBLIC        _LCD_drawFastVLine
  B:00B0H.3       PUBLIC        LCD_RS
  B:00B0H.4       PUBLIC        LCD_WR
  C:26CFH         PUBLIC        _LCD_drawButton
  X:02E2H         PUBLIC        n
  C:4446H         PUBLIC        _LCD_fillRect
  C:1F9CH         PUBLIC        _LCD_drawLine
  C:48A0H         PUBLIC        _LCD_drawRect
  C:37C6H         PUBLIC        _LCD_fillRoundRect
  -------         PROC          _LCD_DRAWFASTVLINE
  X:0348H         SYMBOL        x
  X:034AH         SYMBOL        y
  X:034CH         SYMBOL        h
  X:034EH         SYMBOL        Color
  -------         DO            
  X:0350H         SYMBOL        i
  -------         ENDDO         
  C:4B7FH         LINE#         34
  C:4B97H         LINE#         35
  C:4B97H         LINE#         37
BL51 BANKED LINKER/LOCATER V6.22.2.0                                                  04/28/2022  14:31:31  PAGE 33


  C:4BC7H         LINE#         38
  C:4BF7H         LINE#         39
  C:4C14H         LINE#         40
  -------         ENDPROC       _LCD_DRAWFASTVLINE
  -------         PROC          _LCD_DRAWFASTHLINE
  X:0481H         SYMBOL        x
  X:0483H         SYMBOL        y
  X:0485H         SYMBOL        w
  X:0487H         SYMBOL        Color
  -------         DO            
  X:0489H         SYMBOL        j
  -------         ENDDO         
  C:4D3BH         LINE#         43
  C:4D51H         LINE#         44
  C:4D51H         LINE#         46
  C:4D7BH         LINE#         47
  C:4DABH         LINE#         48
  C:4DC8H         LINE#         49
  -------         ENDPROC       _LCD_DRAWFASTHLINE
  -------         PROC          _LCD_DRAWLINE
[...]
  -------         ENDDO         
  C:496DH         LINE#         195
  C:496DH         LINE#         196
  C:496DH         LINE#         197
  C:4970H         LINE#         200
  C:4978H         LINE#         201
  C:499EH         LINE#         203
  C:49A6H         LINE#         204
  C:49B1H         LINE#         206
  C:49B9H         LINE#         207
  C:49EBH         LINE#         210
  C:4A12H         LINE#         213
  C:4A28H         LINE#         214
  C:4A29H         LINE#         216
  C:4A2DH         LINE#         217
  -------         ENDPROC       READTOUCHX
  -------         PROC          READTOUCHY
  -------         DO            
  X:0310H         SYMBOL        _y
  -------         ENDDO         
  C:46F7H         LINE#         219
  C:46F7H         LINE#         220
  C:46F7H         LINE#         224
  C:46FFH         LINE#         225
  C:472BH         LINE#         227
  C:4733H         LINE#         228
  C:4758H         LINE#         230
  C:4760H         LINE#         231
  C:4777H         LINE#         233
  C:47A6H         LINE#         236
  C:47C4H         LINE#         237
  C:47C9H         LINE#         239
  C:47CDH         LINE#         240
  -------         ENDPROC       READTOUCHY
  -------         PROC          TOUCHCAL
  -------         DO            
  X:03AAH         SYMBOL        str
  -------         ENDDO         
  C:2B4EH         LINE#         244
  C:2B4EH         LINE#         245
  C:2B4EH         LINE#         248
  C:2B53H         LINE#         249
  C:2B59H         LINE#         250
  C:2B63H         LINE#         251
  C:2B68H         LINE#         252
  C:2B73H         LINE#         253
  C:2B7CH         LINE#         255
  C:2B7FH         LINE#         256
  C:2B86H         LINE#         258
  C:2B9DH         LINE#         259
  C:2BB4H         LINE#         260
  C:2BCBH         LINE#         262
  C:2BCEH         LINE#         263
  C:2BD5H         LINE#         265
BL51 BANKED LINKER/LOCATER V6.22.2.0                                                  04/28/2022  14:31:31  PAGE 44


  C:2BE0H         LINE#         266
  C:2BEBH         LINE#         268
  C:2BEEH         LINE#         269
  C:2C01H         LINE#         270
  C:2C08H         LINE#         272
  C:2C33H         LINE#         273
  C:2C5EH         LINE#         274
  C:2C89H         LINE#         278
  C:2C8CH         LINE#         279
  C:2C93H         LINE#         281
  C:2C9EH         LINE#         282
  C:2CA9H         LINE#         283
  C:2CACH         LINE#         284
  C:2CD5H         LINE#         285
  C:2CDCH         LINE#         288
  C:2CE7H         LINE#         290
  C:2D3AH         LINE#         291
  C:2D43H         LINE#         292
  C:2D4EH         LINE#         293
  C:2D57H         LINE#         294
  C:2D60H         LINE#         296
  C:2D63H         LINE#         297
  -------         ENDPROC       TOUCHCAL
  -------         PROC          _TOUCHSET
  D:0006H         SYMBOL        xs1
  D:0004H         SYMBOL        xs2
  D:0002H         SYMBOL        ys1
  X:031CH         SYMBOL        ys2
  C:567BH         LINE#         301
  C:567BH         LINE#         302
  C:567BH         LINE#         303
  C:56A6H         LINE#         304
  -------         ENDPROC       _TOUCHSET
  -------         ENDMOD        TOUCH

  -------         MODULE        24C32SYS
  C:0000H         SYMBOL        _ICE_DUMMY_
  C:52A6H         PUBLIC        _R24c32
  D:00B0H         PUBLIC        P3
  C:5409H         PUBLIC        _W24c32
  -------         PROC          _W24C32
  X:04CFH         SYMBOL        devAdr
  X:04D0H         SYMBOL        add
  X:04D2H         SYMBOL        outchar
  -------         DO            
  B:0021H.1       SYMBOL        ask
  -------         ENDDO         
  C:5409H         LINE#         6
  C:5417H         LINE#         7
  C:5417H         LINE#         8
  C:5419H         LINE#         9
  C:541CH         LINE#         10
  C:542AH         LINE#         11
  C:542AH         LINE#         13
  C:5435H         LINE#         14
  C:543FH         LINE#         15
  C:543FH         LINE#         16
BL51 BANKED LINKER/LOCATER V6.22.2.0                                                  04/28/2022  14:31:31  PAGE 45


  C:5442H         LINE#         17
  C:5449H         LINE#         18
  C:544BH         LINE#         20
  -------         ENDPROC       _W24C32
  -------         PROC          _R24C32
  X:0316H         SYMBOL        devAdr
  X:0317H         SYMBOL        add
  -------         DO            
  X:0319H         SYMBOL        inchar
  -------         ENDDO         
  C:52A6H         LINE#         23
  C:52B1H         LINE#         24
  C:52B1H         LINE#         26
  C:52B4H         LINE#         27
  C:52B7H         LINE#         28
  C:52C5H         LINE#         29
  C:52C5H         LINE#         31
  C:52CEH         LINE#         33
  C:52D1H         LINE#         34
  C:52D4H         LINE#         36
  C:52E0H         LINE#         37
  C:52EAH         LINE#         38
  C:52EAH         LINE#         39
  C:52EDH         LINE#         40
  C:52F2H         LINE#         41
  -------         ENDPROC       _R24C32
  -------         ENDMOD        24C32SYS

  -------         MODULE        I2CSYS
  C:0000H         SYMBOL        _ICE_DUMMY_
  D:00B0H         PUBLIC        P3
  C:5995H         PUBLIC        start
  B:00B0H.1       PUBLIC        sda
  B:00B0H.0       PUBLIC        scl
  C:5915H         PUBLIC        stop
  C:5063H         PUBLIC        readbyte
  C:4FE6H         PUBLIC        _writebyte
  -------         PROC          START
  C:5995H         LINE#         10
  C:5995H         LINE#         11
  C:5995H         LINE#         12
  C:5997H         LINE#         13
  C:599EH         LINE#         14
  C:59A0H         LINE#         15
  -------         ENDPROC       START
  -------         PROC          STOP
  C:5915H         LINE#         18
  C:5915H         LINE#         19
  C:5915H         LINE#         20
  C:5917H         LINE#         21
  C:5919H         LINE#         22
  C:5920H         LINE#         23
  C:5922H         LINE#         24
  -------         ENDPROC       STOP
  -------         PROC          _WRITEBYTE
  X:031AH         SYMBOL        outchar
  -------         DO            
BL51 BANKED LINKER/LOCATER V6.22.2.0                                                  04/28/2022  14:31:31  PAGE 46


  B:0020H.0       SYMBOL        ack
  X:031BH         SYMBOL        i
  -------         ENDDO         
  C:4FE6H         LINE#         28
  C:4FEBH         LINE#         29
  C:4FEBH         LINE#         33
  C:5002H         LINE#         34
  C:5002H         LINE#         35
  C:501FH         LINE#         36
  C:5026H         LINE#         37
  C:5028H         LINE#         38
  C:502FH         LINE#         39
  C:5031H         LINE#         40
  C:5041H         LINE#         43
  C:5048H         LINE#         45
  C:504AH         LINE#         46
  C:504CH         LINE#         47
  C:5053H         LINE#         48
  C:5057H         LINE#         49
  C:5059H         LINE#         50
  C:5060H         LINE#         51
  C:5062H         LINE#         52
  -------         ENDPROC       _WRITEBYTE
  -------         PROC          READBYTE
  B:0020H.0       SYMBOL        ask_master
  -------         DO            
  X:031AH         SYMBOL        inchar
  X:031BH         SYMBOL        i
  -------         ENDDO         
  C:5063H         LINE#         55
  C:5063H         LINE#         56
  C:5063H         LINE#         57
  C:5068H         LINE#         59
  C:506AH         LINE#         60
  C:506EH         LINE#         61
  C:506EH         LINE#         62
  C:5070H         LINE#         63
  C:5077H         LINE#         65
  C:5091H         LINE#         66
  C:5093H         LINE#         67
  C:509AH         LINE#         68
  C:50B9H         LINE#         72
  C:50BDH         LINE#         73
  C:50C4H         LINE#         74
  C:50C6H         LINE#         75
  C:50CDH         LINE#         76
  C:50CFH         LINE#         77
  C:50D6H         LINE#         78
  C:50DBH         LINE#         79
  -------         ENDPROC       READBYTE
  -------         ENDMOD        I2CSYS

  -------         MODULE        ISD4004SPI
  C:0000H         SYMBOL        _ICE_DUMMY_
  D:00A2H         PUBLIC        SPI0CKR
  C:5585H         PUBLIC        _reverse
  D:00A0H         PUBLIC        P2
BL51 BANKED LINKER/LOCATER V6.22.2.0                                                  04/28/2022  14:31:31  PAGE 47


  D:00B0H         PUBLIC        P3
  C:554AH         PUBLIC        ReadStatus
  C:54CFH         PUBLIC        _Play
  B:00A0H.0       PUBLIC        SS
  B:00F8H.7       PUBLIC        SPIF
  B:00B0H.6       PUBLIC        rec
  C:5844H         PUBLIC        _SpiWrite
  C:5495H         PUBLIC        _SpiWriteAddCode
  C:533BH         PUBLIC        _PlayI
  C:50DCH         PUBLIC        _Record
  B:00A0H.1       PUBLIC        INT
  D:00A3H         PUBLIC        SPI0DAT
  -------         PROC          L?0024
  -------         ENDPROC       L?0024
  -------         PROC          _SPIWRITE
  D:0007H         SYMBOL        cod
  C:5844H         LINE#         11
  C:5844H         LINE#         12
  C:5844H         LINE#         13
  C:5846H         LINE#         14
  C:5848H         LINE#         15
  C:584DH         LINE#         16
  C:5850H         LINE#         17
  C:5852H         LINE#         18
  C:5854H         LINE#         19
  -------         ENDPROC       _SPIWRITE
  -------         PROC          L?0025
  -------         ENDPROC       L?0025
  -------         PROC          _SPIWRITEADDCODE
  X:0315H         SYMBOL        add
  X:0317H         SYMBOL        cod
  C:5495H         LINE#         23
  C:54A2H         LINE#         24
  C:54A2H         LINE#         25
  C:54A4H         LINE#         26
  C:54A6H         LINE#         27
  C:54ABH         LINE#         28
  C:54AEH         LINE#         29
  C:54B0H         LINE#         30
  C:54BAH         LINE#         31
  C:54BDH         LINE#         32
  C:54BFH         LINE#         33
  C:54C9H         LINE#         34
  C:54CCH         LINE#         35
  C:54CEH         LINE#         36
  -------         ENDPROC       _SPIWRITEADDCODE
  -------         PROC          _PLAY
  X:04D6H         SYMBOL        add
  -------         DO            
  X:04D8H         SYMBOL        temp
  -------         ENDDO         
  C:54CFH         LINE#         40
  C:54D7H         LINE#         41
  C:54D7H         LINE#         43
  C:54DBH         LINE#         44
  C:54DEH         LINE#         46
  C:54F0H         LINE#         48
BL51 BANKED LINKER/LOCATER V6.22.2.0                                                  04/28/2022  14:31:31  PAGE 48


  C:54F3H         LINE#         49
  C:54FAH         LINE#         50
  C:5500H         LINE#         55
  C:5507H         LINE#         57
  C:550DH         LINE#         58
  -------         ENDPROC       _PLAY
  -------         PROC          _PLAYI
  X:0312H         SYMBOL        add
  -------         DO            
  X:0314H         SYMBOL        temp
  -------         ENDDO         
  C:533BH         LINE#         60
  C:5343H         LINE#         61
  C:5343H         LINE#         63
  C:5347H         LINE#         64
  C:534AH         LINE#         66
  C:535CH         LINE#         68
  C:535FH         LINE#         69
  C:5366H         LINE#         70
  C:536CH         LINE#         72
  C:536FH         LINE#         73
  C:5374H         LINE#         75
  C:537BH         LINE#         77
  C:5381H         LINE#         78
  -------         ENDPROC       _PLAYI
  -------         PROC          _RECORD
  X:0310H         SYMBOL        add
  -------         DO            
  X:0312H         SYMBOL        temp
  -------         ENDDO         
  C:50DCH         LINE#         82
  C:50E4H         LINE#         83
  C:50E4H         LINE#         85
  C:50E8H         LINE#         86
  C:50EBH         LINE#         88
  C:5109H         LINE#         89
  C:510CH         LINE#         90
  C:5113H         LINE#         92
  C:5118H         LINE#         93
  C:511FH         LINE#         94
  C:5124H         LINE#         95
  C:512BH         LINE#         96
  C:5138H         LINE#         97
  C:513BH         LINE#         98
  C:5140H         LINE#         99
  C:5147H         LINE#         101
  C:514DH         LINE#         102
  -------         ENDPROC       _RECORD
  -------         PROC          READSTATUS
  -------         DO            
  X:04CAH         SYMBOL        temp
  X:04CBH         SYMBOL        status
  -------         ENDDO         
  C:554AH         LINE#         105
  C:554AH         LINE#         106
  C:554AH         LINE#         108
  C:5554H         LINE#         109
BL51 BANKED LINKER/LOCATER V6.22.2.0                                                  04/28/2022  14:31:31  PAGE 49


  C:555AH         LINE#         110
  C:555DH         LINE#         112
  C:555FH         LINE#         114
  C:5561H         LINE#         115
  C:5564H         LINE#         116
  C:5567H         LINE#         117
  C:5576H         LINE#         119
  C:5578H         LINE#         120
  C:557EH         LINE#         122
  C:5584H         LINE#         123
  -------         ENDPROC       READSTATUS
  -------         PROC          _REVERSE
  X:0318H         SYMBOL        num
  C:5585H         LINE#         127
  C:558AH         LINE#         128
  C:558AH         LINE#         129
  C:5599H         LINE#         130
  C:55AAH         LINE#         131
  C:55B7H         LINE#         132
  C:55B9H         LINE#         133
  -------         ENDPROC       _REVERSE
  -------         ENDMOD        ISD4004SPI

  -------         MODULE        ?C?FPADD
  C:000AH         PUBLIC        ?C?FPADD
  C:0006H         PUBLIC        ?C?FPSUB
  -------         ENDMOD        ?C?FPADD

  -------         MODULE        ?C?FPMUL
  C:00FBH         PUBLIC        ?C?FPMUL
  -------         ENDMOD        ?C?FPMUL

  -------         MODULE        ?C?FPDIV
  C:0204H         PUBLIC        ?C?FPDIV
  -------         ENDMOD        ?C?FPDIV

  -------         MODULE        ?C?FCAST
  C:02ABH         PUBLIC        ?C?FCASTC
  C:02A6H         PUBLIC        ?C?FCASTI
  C:02A1H         PUBLIC        ?C?FCASTL
  -------         ENDMOD        ?C?FCAST

  -------         MODULE        ?C?CASTF
  C:02DFH         PUBLIC        ?C?CASTF
  -------         ENDMOD        ?C?CASTF

  -------         MODULE        PRINTF
  X:031AH         PUBLIC        ?_PRINTF?BYTE
  X:031AH         PUBLIC        ?_SPRINTF?BYTE
  C:0F2FH         PUBLIC        _PRINTF
  C:0F29H         PUBLIC        _SPRINTF
  -------         ENDMOD        PRINTF

  -------         MODULE        SQRT
  C:4A32H         PUBLIC        _SQRT
  -------         ENDMOD        SQRT

BL51 BANKED LINKER/LOCATER V6.22.2.0                                                  04/28/2022  14:31:31  PAGE 50


  -------         MODULE        SIN
  C:3686H         PUBLIC        _COS
  C:369CH         PUBLIC        _SIN
  C:36D8H         PUBLIC        _TAN
  -------         ENDMOD        SIN

  -------         MODULE        ?C?FPROUND
  C:0360H         PUBLIC        ?C?FPROUND
  -------         ENDMOD        ?C?FPROUND

  -------         MODULE        ?C?FPCONVERT
  C:039DH         PUBLIC        ?C?FPCONVERT
  -------         ENDMOD        ?C?FPCONVERT

  -------         MODULE        ?C?FTNPWR
  C:051FH         PUBLIC        ?C?FTNPWR
  -------         ENDMOD        ?C?FTNPWR

  -------         MODULE        ?C?CLDPTR
  C:055FH         PUBLIC        ?C?CLDPTR
  -------         ENDMOD        ?C?CLDPTR

  -------         MODULE        ?C?CLDOPTR
  C:0578H         PUBLIC        ?C?CLDOPTR
  -------         ENDMOD        ?C?CLDOPTR

  -------         MODULE        ?C?CSTPTR
  C:05A5H         PUBLIC        ?C?CSTPTR
  -------         ENDMOD        ?C?CSTPTR

  -------         MODULE        ?C?CSTOPTR
  C:05B7H         PUBLIC        ?C?CSTOPTR
  -------         ENDMOD        ?C?CSTOPTR

  -------         MODULE        ?C?IMUL
  C:05D9H         PUBLIC        ?C?IMUL
  -------         ENDMOD        ?C?IMUL

  -------         MODULE        ?C?SIDIV
  C:05EBH         PUBLIC        ?C?SIDIV
  -------         ENDMOD        ?C?SIDIV

  -------         MODULE        ?C?IILDX
  C:0621H         PUBLIC        ?C?IILDX
  -------         ENDMOD        ?C?IILDX

  -------         MODULE        ?C?ILDIX
  C:0637H         PUBLIC        ?C?ILDIX
  -------         ENDMOD        ?C?ILDIX

  -------         MODULE        ?C?ILDPTR
  C:064DH         PUBLIC        ?C?ILDPTR
  -------         ENDMOD        ?C?ILDPTR

  -------         MODULE        ?C?ILDOPTR
  C:0678H         PUBLIC        ?C?ILDOPTR
  -------         ENDMOD        ?C?ILDOPTR
BL51 BANKED LINKER/LOCATER V6.22.2.0                                                  04/28/2022  14:31:31  PAGE 51



  -------         MODULE        ?C?ISTPTR
  C:06B0H         PUBLIC        ?C?ISTPTR
  -------         ENDMOD        ?C?ISTPTR

  -------         MODULE        ?C?LMUL
  C:06CFH         PUBLIC        ?C?LMUL
  -------         ENDMOD        ?C?LMUL

  -------         MODULE        ?C?SLDIV
  C:5382H         PUBLIC        ?C?SLDIV
  -------         ENDMOD        ?C?SLDIV

  -------         MODULE        ?C?LNEG
  C:071EH         PUBLIC        ?C?LNEG
  -------         ENDMOD        ?C?LNEG

  -------         MODULE        ?C?LLDXDATA
  C:072CH         PUBLIC        ?C?LLDXDATA
  -------         ENDMOD        ?C?LLDXDATA

  -------         MODULE        ?C?LLDCODE
  C:0738H         PUBLIC        ?C?LLDCODE
  -------         ENDMOD        ?C?LLDCODE

  -------         MODULE        ?C?LLDXDATA0
  C:0748H         PUBLIC        ?C?LLDXDATA0
  -------         ENDMOD        ?C?LLDXDATA0

  -------         MODULE        ?C?LLDCODE0
  C:0754H         PUBLIC        ?C?LLDCODE0
  -------         ENDMOD        ?C?LLDCODE0

  -------         MODULE        ?C?LSTXDATA
  C:0764H         PUBLIC        ?C?LSTXDATA
  -------         ENDMOD        ?C?LSTXDATA

  -------         MODULE        ?C?LSTKXDATA
  C:0770H         PUBLIC        ?C?LSTKXDATA
  -------         ENDMOD        ?C?LSTKXDATA

  -------         MODULE        ?C?OFFXADD
  C:07A1H         PUBLIC        ?C?OFFXADD
  -------         ENDMOD        ?C?OFFXADD

  -------         MODULE        ?C?PLDIXDATA
  C:07ADH         PUBLIC        ?C?PLDIXDATA
  -------         ENDMOD        ?C?PLDIXDATA

  -------         MODULE        ?C?PSTXDATA
  C:07C4H         PUBLIC        ?C?PSTXDATA
  -------         ENDMOD        ?C?PSTXDATA

  -------         MODULE        ?C?CCASE
  C:07CDH         PUBLIC        ?C?CCASE
  -------         ENDMOD        ?C?CCASE

BL51 BANKED LINKER/LOCATER V6.22.2.0                                                  04/28/2022  14:31:31  PAGE 52


  -------         MODULE        ABS
  C:59A1H         PUBLIC        _ABS
  -------         ENDMOD        ABS

  -------         MODULE        STRLEN
  C:5900H         PUBLIC        _STRLEN
  -------         ENDMOD        STRLEN

  -------         MODULE        ?C?UIDIV
  C:07F3H         PUBLIC        ?C?UIDIV
  -------         ENDMOD        ?C?UIDIV

  -------         MODULE        ?C?ULDIV
  C:0884H         PUBLIC        ?C?ULDIV
  -------         ENDMOD        ?C?ULDIV

Program Size: data=15.2 xdata=1241 code=23033
LINK/LOCATE RUN COMPLETE.  0 WARNING(S),  0 ERROR(S)
